Archive member included to satisfy reference by file (symbol)

app/libapp.a(main.c.obj)      (--whole-archive)
app/libapp.a(button.c.obj)    (--whole-archive)
zephyr/libzephyr.a(cbprintf.c.obj)
                              (--whole-archive)
zephyr/libzephyr.a(cbprintf_packaged.c.obj)
                              (--whole-archive)
zephyr/libzephyr.a(crc32c_sw.c.obj)
                              (--whole-archive)
zephyr/libzephyr.a(crc32_sw.c.obj)
                              (--whole-archive)
zephyr/libzephyr.a(crc16_sw.c.obj)
                              (--whole-archive)
zephyr/libzephyr.a(crc8_sw.c.obj)
                              (--whole-archive)
zephyr/libzephyr.a(crc7_sw.c.obj)
                              (--whole-archive)
zephyr/libzephyr.a(dec.c.obj)
                              (--whole-archive)
zephyr/libzephyr.a(fdtable.c.obj)
                              (--whole-archive)
zephyr/libzephyr.a(hex.c.obj)
                              (--whole-archive)
zephyr/libzephyr.a(notify.c.obj)
                              (--whole-archive)
zephyr/libzephyr.a(printk.c.obj)
                              (--whole-archive)
zephyr/libzephyr.a(onoff.c.obj)
                              (--whole-archive)
zephyr/libzephyr.a(rb.c.obj)  (--whole-archive)
zephyr/libzephyr.a(sem.c.obj)
                              (--whole-archive)
zephyr/libzephyr.a(thread_entry.c.obj)
                              (--whole-archive)
zephyr/libzephyr.a(timeutil.c.obj)
                              (--whole-archive)
zephyr/libzephyr.a(heap.c.obj)
                              (--whole-archive)
zephyr/libzephyr.a(heap-validate.c.obj)
                              (--whole-archive)
zephyr/libzephyr.a(bitarray.c.obj)
                              (--whole-archive)
zephyr/libzephyr.a(multi_heap.c.obj)
                              (--whole-archive)
zephyr/libzephyr.a(cbprintf_complete.c.obj)
                              (--whole-archive)
zephyr/libzephyr.a(assert.c.obj)
                              (--whole-archive)
zephyr/libzephyr.a(reboot.c.obj)
                              (--whole-archive)
zephyr/libzephyr.a(configs.c.obj)
                              (--whole-archive)
zephyr/libzephyr.a(soc_nrf_common.S.obj)
                              (--whole-archive)
zephyr/libzephyr.a(validate_base_addresses.c.obj)
                              (--whole-archive)
zephyr/libzephyr.a(validate_enabled_instances.c.obj)
                              (--whole-archive)
zephyr/libzephyr.a(tty.c.obj)
                              (--whole-archive)
zephyr/libzephyr.a(getchar.c.obj)
                              (--whole-archive)
zephyr/libzephyr.a(pm.c.obj)  (--whole-archive)
zephyr/libzephyr.a(policy.c.obj)
                              (--whole-archive)
zephyr/libzephyr.a(state.c.obj)
                              (--whole-archive)
zephyr/libzephyr.a(tracing_none.c.obj)
                              (--whole-archive)
zephyr/libzephyr.a(nrf_cc3xx_platform_abort_zephyr.c.obj)
                              (--whole-archive)
zephyr/libzephyr.a(nrf_cc3xx_platform_mutex_zephyr.c.obj)
                              (--whole-archive)
zephyr/arch/common/libarch__common.a(sw_isr_common.c.obj)
                              (--whole-archive)
zephyr/arch/arch/arm/core/aarch32/libarch__arm__core__aarch32.a(cpu_idle.S.obj)
                              (--whole-archive)
zephyr/arch/arch/arm/core/aarch32/libarch__arm__core__aarch32.a(fatal.c.obj)
                              (--whole-archive)
zephyr/arch/arch/arm/core/aarch32/libarch__arm__core__aarch32.a(irq_manage.c.obj)
                              (--whole-archive)
zephyr/arch/arch/arm/core/aarch32/libarch__arm__core__aarch32.a(nmi.c.obj)
                              (--whole-archive)
zephyr/arch/arch/arm/core/aarch32/libarch__arm__core__aarch32.a(nmi_on_reset.S.obj)
                              (--whole-archive)
zephyr/arch/arch/arm/core/aarch32/libarch__arm__core__aarch32.a(prep_c.c.obj)
                              (--whole-archive)
zephyr/arch/arch/arm/core/aarch32/libarch__arm__core__aarch32.a(swap.c.obj)
                              (--whole-archive)
zephyr/arch/arch/arm/core/aarch32/libarch__arm__core__aarch32.a(swap_helper.S.obj)
                              (--whole-archive)
zephyr/arch/arch/arm/core/aarch32/libarch__arm__core__aarch32.a(thread.c.obj)
                              (--whole-archive)
zephyr/arch/arch/arm/core/aarch32/libarch__arm__core__aarch32.a(isr_wrapper.S.obj)
                              (--whole-archive)
zephyr/arch/arch/arm/core/aarch32/cortex_m/libarch__arm__core__aarch32__cortex_m.a(exc_exit.S.obj)
                              (--whole-archive)
zephyr/arch/arch/arm/core/aarch32/cortex_m/libarch__arm__core__aarch32__cortex_m.a(fault.c.obj)
                              (--whole-archive)
zephyr/arch/arch/arm/core/aarch32/cortex_m/libarch__arm__core__aarch32__cortex_m.a(fault_s.S.obj)
                              (--whole-archive)
[...]
Memory Configuration

Name             Origin             Length             Attributes
FLASH            0x0000000000000000 0x0000000000100000 xr
SRAM             0x0000000020000000 0x0000000000040000 xw
IDT_LIST         0x00000000fffff7ff 0x0000000000000800 xw
*default*        0x0000000000000000 0xffffffffffffffff

Linker script and memory map

LOAD zephyr/CMakeFiles/zephyr_pre1.dir/misc/empty_file.c.obj
LOAD zephyr/CMakeFiles/zephyr_pre1.dir/dev_handles.c.obj
LOAD zephyr/CMakeFiles/offsets.dir/./arch/arm/core/offsets/offsets.c.obj
                0x0000000000000020                _region_min_align = 0x20

.rel.plt        0x0000000000000000        0x0
 *(SORT_BY_ALIGNMENT(.rel.plt))
                [!provide]                        PROVIDE (__rel_iplt_start = .)
 *(SORT_BY_ALIGNMENT(.rel.iplt))
 .rel.iplt      0x0000000000000000        0x0 app/libapp.a(main.c.obj)
                [!provide]                        PROVIDE (__rel_iplt_end = .)

.rela.plt       0x0000000000000000        0x0
 *(SORT_BY_ALIGNMENT(.rela.plt))
                [!provide]                        PROVIDE (__rela_iplt_start = .)
 *(SORT_BY_ALIGNMENT(.rela.iplt))
                [!provide]                        PROVIDE (__rela_iplt_end = .)

.rel.dyn
 *(SORT_BY_ALIGNMENT(.rel.*))

.rela.dyn
 *(SORT_BY_ALIGNMENT(.rela.*))

/DISCARD/
 *(SORT_BY_ALIGNMENT(.plt))
 *(SORT_BY_ALIGNMENT(.iplt))
 *(SORT_BY_ALIGNMENT(.got.plt))
 *(SORT_BY_ALIGNMENT(.igot.plt))
 *(SORT_BY_ALIGNMENT(.got))
 *(SORT_BY_ALIGNMENT(.igot))
 *(SORT_BY_ALIGNMENT(.note.GNU-stack))
                0x0000000000000000                __rom_region_start = 0x0

rom_start       0x0000000000000000      0x100
                0x0000000000000000                . = 0x0
                0x0000000000000000                . = ALIGN (0x4)
                0x0000000000000000                . = ALIGN (0x80)
                0x0000000000000000                . = ALIGN (0x100)
                0x0000000000000000                _vector_start = .
 *(SORT_BY_ALIGNMENT(.exc_vector_table))
 *(SORT_BY_ALIGNMENT(.exc_vector_table.*))
 .exc_vector_table._vector_table_section
                0x0000000000000000       0x40 zephyr/arch/arch/arm/core/aarch32/cortex_m/libarch__arm__core__aarch32__cortex_m.a(vector_table.S.obj)
                0x0000000000000000                _vector_table
 *(SORT_BY_ALIGNMENT(.gnu.linkonce.irq_vector_table*))
 .gnu.linkonce.irq_vector_table
                0x0000000000000040       0xc0 zephyr/arch/common/libisr_tables.a(isr_tables.c.obj)
                0x0000000000000040                _irq_vector_table
 *(SORT_BY_ALIGNMENT(.vectors))
                0x0000000000000100                _vector_end = .

text            0x0000000000000100     0x5970
                0x0000000000000100                __text_region_start = .
 *(SORT_BY_ALIGNMENT(.text))
 .text          0x0000000000000100       0x30 /home/rt/zephyr-sdk-0.14.1/arm-zephyr-eabi/bin/../lib/gcc/arm-zephyr-eabi/10.3.0/thumb/v7e-m/nofp/libgcc.a(_aeabi_uldivmod.o)
                0x0000000000000100                __aeabi_uldivmod
 .text          0x0000000000000130        0x4 /home/rt/zephyr-sdk-0.14.1/arm-zephyr-eabi/bin/../lib/gcc/arm-zephyr-eabi/10.3.0/thumb/v7e-m/nofp/libgcc.a(_dvmd_tls.o)
                0x0000000000000130                __aeabi_ldiv0
                0x0000000000000130                __aeabi_idiv0
 .text          0x0000000000000134      0x2a6 /home/rt/zephyr-sdk-0.14.1/arm-zephyr-eabi/bin/../lib/gcc/arm-zephyr-eabi/10.3.0/thumb/v7e-m/nofp/libgcc.a(_udivmoddi4.o)
                0x0000000000000134                __udivmoddi4
 *(SORT_BY_ALIGNMENT(.text.*))
 *fill*         0x00000000000003da        0x2 
 .text.main     0x00000000000003dc       0x3c app/libapp.a(main.c.obj)
                0x00000000000003dc                main
 .text.button_pressed
                0x0000000000000418       0x40 app/libapp.a(button.c.obj)
                0x0000000000000418                button_pressed
 .text.button_config
                0x0000000000000458      0x168 app/libapp.a(button.c.obj)
                0x0000000000000458                button_config
 .text.char_out
                0x00000000000005c0       0x10 zephyr/libzephyr.a(printk.c.obj)
 .text.__printk_hook_install
                0x00000000000005d0        0xc zephyr/libzephyr.a(printk.c.obj)
                0x00000000000005d0                __printk_hook_install
 .text.vprintk  0x00000000000005dc       0x1c zephyr/libzephyr.a(printk.c.obj)
                0x00000000000005dc                vprintk
 .text.process_event
                0x00000000000005f8      0x1c0 zephyr/libzephyr.a(onoff.c.obj)
 .text.cbvprintf
                0x00000000000007b8      0x784 zephyr/libzephyr.a(cbprintf_complete.c.obj)
                0x00000000000007b8                cbvprintf
 .text.sys_reboot
                0x0000000000000f3c       0x28 zephyr/libzephyr.a(reboot.c.obj)
                0x0000000000000f3c                sys_reboot
 .text.tty_init
                0x0000000000000f64       0x40 zephyr/libzephyr.a(tty.c.obj)
                0x0000000000000f64                tty_init
 .text.console_write
                0x0000000000000fa4        0xc zephyr/libzephyr.a(getchar.c.obj)
                0x0000000000000fa4                console_write
 .text.console_putchar
                0x0000000000000fb0       0x1c zephyr/libzephyr.a(getchar.c.obj)
                0x0000000000000fb0                console_putchar
 .text.console_getchar
                0x0000000000000fcc       0x20 zephyr/libzephyr.a(getchar.c.obj)
                0x0000000000000fcc                console_getchar
 .text.console_init
                0x0000000000000fec       0x54 zephyr/libzephyr.a(getchar.c.obj)
                0x0000000000000fec                console_init
 .text.pm_state_notify
                0x0000000000001040       0x5c zephyr/libzephyr.a(pm.c.obj)
 .text.atomic_clear_bit.constprop.0
                0x000000000000109c       0x30 zephyr/libzephyr.a(pm.c.obj)
 .text.pm_system_resume
                0x00000000000010cc       0x7c zephyr/libzephyr.a(pm.c.obj)
                0x00000000000010cc                pm_system_resume
 .text.pm_system_suspend
                0x0000000000001148       0xec zephyr/libzephyr.a(pm.c.obj)
                0x0000000000001148                pm_system_suspend
 .text.pm_policy_state_lock_is_active
                0x0000000000001234       0x1c zephyr/libzephyr.a(policy.c.obj)
                0x0000000000001234                pm_policy_state_lock_is_active
 .text.pm_policy_next_state
                0x0000000000001250       0x9c zephyr/libzephyr.a(policy.c.obj)
                0x0000000000001250                pm_policy_next_state
 .text.pm_state_cpu_get_all
                0x00000000000012ec       0x10 zephyr/libzephyr.a(state.c.obj)
                0x00000000000012ec                pm_state_cpu_get_all
 .text.nrf_cc3xx_platform_abort_init
                0x00000000000012fc        0xc zephyr/libzephyr.a(nrf_cc3xx_platform_abort_zephyr.c.obj)
                0x00000000000012fc                nrf_cc3xx_platform_abort_init
 .text.mutex_free_platform
                0x0000000000001308       0x48 zephyr/libzephyr.a(nrf_cc3xx_platform_mutex_zephyr.c.obj)
 .text.mutex_lock_platform
                0x0000000000001350       0x58 zephyr/libzephyr.a(nrf_cc3xx_platform_mutex_zephyr.c.obj)
 .text.mutex_unlock_platform
                0x00000000000013a8       0x4c zephyr/libzephyr.a(nrf_cc3xx_platform_mutex_zephyr.c.obj)
 .text.mutex_init_platform
                0x00000000000013f4       0x70 zephyr/libzephyr.a(nrf_cc3xx_platform_mutex_zephyr.c.obj)
 .text.nrf_cc3xx_platform_mutex_init
                0x0000000000001464       0x2c zephyr/libzephyr.a(nrf_cc3xx_platform_mutex_zephyr.c.obj)
                0x0000000000001464                nrf_cc3xx_platform_mutex_init
 .text.z_arm_cpu_idle_init
                0x0000000000001490        0xc zephyr/arch/arch/arm/core/aarch32/libarch__arm__core__aarch32.a(cpu_idle.S.obj)
                0x0000000000001490                z_arm_cpu_idle_init
 .text.arch_cpu_idle
                0x000000000000149c       0x1c zephyr/arch/arch/arm/core/aarch32/libarch__arm__core__aarch32.a(cpu_idle.S.obj)
                0x000000000000149c                arch_cpu_idle
 .text.arch_cpu_atomic_idle
                0x00000000000014b8       0x14 zephyr/arch/arch/arm/core/aarch32/libarch__arm__core__aarch32.a(cpu_idle.S.obj)
                0x00000000000014b8                arch_cpu_atomic_idle
 .text.arch_irq_enable
                0x00000000000014cc       0x20 zephyr/arch/arch/arm/core/aarch32/libarch__arm__core__aarch32.a(irq_manage.c.obj)
                0x00000000000014cc                arch_irq_enable
 .text.arch_irq_is_enabled
                0x00000000000014ec       0x1c zephyr/arch/arch/arm/core/aarch32/libarch__arm__core__aarch32.a(irq_manage.c.obj)
                0x00000000000014ec                arch_irq_is_enabled
 .text.z_arm_irq_priority_set
                0x0000000000001508       0x30 zephyr/arch/arch/arm/core/aarch32/libarch__arm__core__aarch32.a(irq_manage.c.obj)
                0x0000000000001508                z_arm_irq_priority_set
 .text.z_SysNmiOnReset
                0x0000000000001538        0x8 zephyr/arch/arch/arm/core/aarch32/libarch__arm__core__aarch32.a(nmi_on_reset.S.obj)
                0x0000000000001538                z_SysNmiOnReset
 .text.z_arm_prep_c
                0x0000000000001540       0x38 zephyr/arch/arch/arm/core/aarch32/libarch__arm__core__aarch32.a(prep_c.c.obj)
                0x0000000000001540                z_arm_prep_c
 .text.arch_swap
                0x0000000000001578       0x34 zephyr/arch/arch/arm/core/aarch32/libarch__arm__core__aarch32.a(swap.c.obj)
                0x0000000000001578                arch_swap
 .text.z_arm_pendsv
                0x00000000000015ac       0x54 zephyr/arch/arch/arm/core/aarch32/libarch__arm__core__aarch32.a(swap_helper.S.obj)
                0x00000000000015ac                z_arm_pendsv
 .text.z_arm_svc
                0x0000000000001600       0x20 zephyr/arch/arch/arm/core/aarch32/libarch__arm__core__aarch32.a(swap_helper.S.obj)
                0x0000000000001600                z_arm_svc
 .text.arch_new_thread
                0x0000000000001620       0x38 zephyr/arch/arch/arm/core/aarch32/libarch__arm__core__aarch32.a(thread.c.obj)
                0x0000000000001620                arch_new_thread
 .text.z_check_thread_stack_fail
                0x0000000000001658       0x2c zephyr/arch/arch/arm/core/aarch32/libarch__arm__core__aarch32.a(thread.c.obj)
                0x0000000000001658                z_check_thread_stack_fail
 .text.arch_switch_to_main_thread
                0x0000000000001684       0x2c zephyr/arch/arch/arm/core/aarch32/libarch__arm__core__aarch32.a(thread.c.obj)
                0x0000000000001684                arch_switch_to_main_thread
 .text._isr_wrapper
                0x00000000000016b0       0x40 zephyr/arch/arch/arm/core/aarch32/libarch__arm__core__aarch32.a(isr_wrapper.S.obj)
                0x00000000000016b0                _isr_wrapper
 .text._HandlerModeExit
                0x00000000000016f0       0x1c zephyr/arch/arch/arm/core/aarch32/cortex_m/libarch__arm__core__aarch32__cortex_m.a(exc_exit.S.obj)
                0x00000000000016f0                z_arm_exc_exit
                0x00000000000016f0                z_arm_int_exit
 .text.mem_manage_fault
                0x000000000000170c       0x78 zephyr/arch/arch/arm/core/aarch32/cortex_m/libarch__arm__core__aarch32__cortex_m.a(fault.c.obj)
 .text.bus_fault.constprop.0
                0x0000000000001784       0x3c zephyr/arch/arch/arm/core/aarch32/cortex_m/libarch__arm__core__aarch32__cortex_m.a(fault.c.obj)
 .text.z_arm_fault
                0x00000000000017c0      0x128 zephyr/arch/arch/arm/core/aarch32/cortex_m/libarch__arm__core__aarch32__cortex_m.a(fault.c.obj)
                0x00000000000017c0                z_arm_fault
 .text.z_arm_fault_init
                0x00000000000018e8       0x10 zephyr/arch/arch/arm/core/aarch32/cortex_m/libarch__arm__core__aarch32__cortex_m.a(fault.c.obj)
                0x00000000000018e8                z_arm_fault_init
 .text.__fault  0x00000000000018f8       0x14 zephyr/arch/arch/arm/core/aarch32/cortex_m/libarch__arm__core__aarch32__cortex_m.a(fault_s.S.obj)
                0x00000000000018f8                z_arm_bus_fault
                0x00000000000018f8                z_arm_usage_fault
                0x00000000000018f8                z_arm_mpu_fault
                0x00000000000018f8                z_arm_exc_spurious
                0x00000000000018f8                z_arm_debug_monitor
                0x00000000000018f8                z_arm_hard_fault
 .text.z_arm_interrupt_init
                0x000000000000190c       0x18 zephyr/arch/arch/arm/core/aarch32/cortex_m/libarch__arm__core__aarch32__cortex_m.a(irq_init.c.obj)
                0x000000000000190c                z_arm_interrupt_init
 .text._reset_section
                0x0000000000001924       0x54 zephyr/arch/arch/arm/core/aarch32/cortex_m/libarch__arm__core__aarch32__cortex_m.a(reset.S.obj)
                0x0000000000001924                z_arm_reset
                0x0000000000001924                __start
 .text.z_arm_clear_arm_mpu_config
                0x0000000000001978       0x24 zephyr/arch/arch/arm/core/aarch32/cortex_m/libarch__arm__core__aarch32__cortex_m.a(scb.c.obj)
                0x0000000000001978                z_arm_clear_arm_mpu_config
 .text.z_arm_init_arch_hw_at_boot
                0x000000000000199c       0x64 zephyr/arch/arch/arm/core/aarch32/cortex_m/libarch__arm__core__aarch32__cortex_m.a(scb.c.obj)
                0x000000000000199c                z_arm_init_arch_hw_at_boot
 .text.z_impl_k_thread_abort
                0x0000000000001a00       0x2c zephyr/arch/arch/arm/core/aarch32/cortex_m/libarch__arm__core__aarch32__cortex_m.a(thread_abort.c.obj)
                0x0000000000001a00                z_impl_k_thread_abort
 .text.z_arm_configure_static_mpu_regions
                0x0000000000001a2c       0x18 zephyr/arch/arch/arm/core/aarch32/mpu/libarch__arm__core__aarch32__mpu.a(arm_core_mpu.c.obj)
                0x0000000000001a2c                z_arm_configure_static_mpu_regions
 .text.z_arm_configure_dynamic_mpu_regions
                0x0000000000001a44       0x20 zephyr/arch/arch/arm/core/aarch32/mpu/libarch__arm__core__aarch32__mpu.a(arm_core_mpu.c.obj)
                0x0000000000001a44                z_arm_configure_dynamic_mpu_regions
 .text.mpu_configure_regions
                0x0000000000001a64       0x84 zephyr/arch/arch/arm/core/aarch32/mpu/libarch__arm__core__aarch32__mpu.a(arm_mpu.c.obj)
 .text.arm_core_mpu_enable
                0x0000000000001ae8       0x18 zephyr/arch/arch/arm/core/aarch32/mpu/libarch__arm__core__aarch32__mpu.a(arm_mpu.c.obj)
                0x0000000000001ae8                arm_core_mpu_enable
 .text.arm_core_mpu_disable
                0x0000000000001b00       0x14 zephyr/arch/arch/arm/core/aarch32/mpu/libarch__arm__core__aarch32__mpu.a(arm_mpu.c.obj)
                0x0000000000001b00                arm_core_mpu_disable
 .text.arm_core_mpu_configure_static_mpu_regions
                0x0000000000001b14       0x14 zephyr/arch/arch/arm/core/aarch32/mpu/libarch__arm__core__aarch32__mpu.a(arm_mpu.c.obj)
                0x0000000000001b14                arm_core_mpu_configure_static_mpu_regions
 .text.arm_core_mpu_configure_dynamic_mpu_regions
                0x0000000000001b28       0x30 zephyr/arch/arch/arm/core/aarch32/mpu/libarch__arm__core__aarch32__mpu.a(arm_mpu.c.obj)
                0x0000000000001b28                arm_core_mpu_configure_dynamic_mpu_regions
 .text.z_arm_mpu_init
                0x0000000000001b58       0x60 zephyr/arch/arch/arm/core/aarch32/mpu/libarch__arm__core__aarch32__mpu.a(arm_mpu.c.obj)
                0x0000000000001b58                z_arm_mpu_init
 .text.__stdout_hook_install
                0x0000000000001bb8        0xc zephyr/lib/libc/minimal/liblib__libc__minimal.a(stdout_console.c.obj)
                0x0000000000001bb8                __stdout_hook_install
 .text.nordicsemi_nrf52_init
                0x0000000000001bc4       0x60 zephyr/soc/arm/nordic_nrf/nrf52/libsoc__arm__nordic_nrf__nrf52.a(soc.c.obj)
 .text.sys_arch_reboot
                0x0000000000001c24       0x2c zephyr/soc/arm/nordic_nrf/nrf52/libsoc__arm__nordic_nrf__nrf52.a(soc.c.obj)
                0x0000000000001c24                sys_arch_reboot
 .text.arch_busy_wait
                0x0000000000001c50       0x14 zephyr/soc/arm/nordic_nrf/nrf52/libsoc__arm__nordic_nrf__nrf52.a(soc.c.obj)
                0x0000000000001c50                arch_busy_wait
 .text.onoff_stop
                0x0000000000001c64       0x30 zephyr/drivers/clock_control/libdrivers__clock_control.a(clock_control_nrf.c.obj)
 .text.onoff_start
                0x0000000000001c94       0x44 zephyr/drivers/clock_control/libdrivers__clock_control.a(clock_control_nrf.c.obj)
 .text.clk_init
                0x0000000000001cd8       0x58 zephyr/drivers/clock_control/libdrivers__clock_control.a(clock_control_nrf.c.obj)
 .text.clkstarted_handle.constprop.0
                0x0000000000001d30       0x34 zephyr/drivers/clock_control/libdrivers__clock_control.a(clock_control_nrf.c.obj)
 .text.clock_event_handler
                0x0000000000001d64       0x1c zephyr/drivers/clock_control/libdrivers__clock_control.a(clock_control_nrf.c.obj)
 .text.generic_hfclk_start
                0x0000000000001d80       0x64 zephyr/drivers/clock_control/libdrivers__clock_control.a(clock_control_nrf.c.obj)
 .text.api_blocking_start
                0x0000000000001de4       0x34 zephyr/drivers/clock_control/libdrivers__clock_control.a(clock_control_nrf.c.obj)
 .text.generic_hfclk_stop
                0x0000000000001e18       0x2c zephyr/drivers/clock_control/libdrivers__clock_control.a(clock_control_nrf.c.obj)
 .text.z_nrf_clock_control_lf_on
                0x0000000000001e44      0x100 zephyr/drivers/clock_control/libdrivers__clock_control.a(clock_control_nrf.c.obj)
                0x0000000000001e44                z_nrf_clock_control_lf_on
 .text.console_out
                0x0000000000001f44       0x34 zephyr/drivers/console/libdrivers__console.a(uart_console.c.obj)
 .text.uart_console_init
                0x0000000000001f78       0x30 zephyr/drivers/console/libdrivers__console.a(uart_console.c.obj)
 .text.gpio_nrfx_pin_interrupt_configure
                0x0000000000001fa8       0xd4 zephyr/drivers/gpio/libdrivers__gpio.a(gpio_nrfx.c.obj)
 .text.gpio_nrfx_init
                0x000000000000207c       0x38 zephyr/drivers/gpio/libdrivers__gpio.a(gpio_nrfx.c.obj)
 .text.nrfx_gpio_handler
                0x00000000000020b4       0x44 zephyr/drivers/gpio/libdrivers__gpio.a(gpio_nrfx.c.obj)
 .text.gpio_nrfx_pin_configure
                0x00000000000020f8      0x158 zephyr/drivers/gpio/libdrivers__gpio.a(gpio_nrfx.c.obj)
 .text.uarte_nrfx_configure
                0x0000000000002250      0x164 zephyr/drivers/serial/libdrivers__serial.a(uart_nrfx_uarte.c.obj)
 .text.uarte_instance_init.constprop.0
                0x00000000000023b4       0xec zephyr/drivers/serial/libdrivers__serial.a(uart_nrfx_uarte.c.obj)
 .text.uarte_nrfx_poll_out
                0x00000000000024a0       0x94 zephyr/drivers/serial/libdrivers__serial.a(uart_nrfx_uarte.c.obj)
 .text.compare_int_lock
                0x0000000000002534       0x50 zephyr/drivers/timer/libdrivers__timer.a(nrf_rtc_timer.c.obj)
 .text.sys_clock_timeout_handler
                0x0000000000002584       0x78 zephyr/drivers/timer/libdrivers__timer.a(nrf_rtc_timer.c.obj)
 .text.compare_int_unlock
                0x00000000000025fc       0x5c zephyr/drivers/timer/libdrivers__timer.a(nrf_rtc_timer.c.obj)
 .text.z_nrf_rtc_timer_read
                0x0000000000002658       0x44 zephyr/drivers/timer/libdrivers__timer.a(nrf_rtc_timer.c.obj)
                0x0000000000002658                z_nrf_rtc_timer_read
 .text.compare_set
                0x000000000000269c      0x148 zephyr/drivers/timer/libdrivers__timer.a(nrf_rtc_timer.c.obj)
 .text.sys_clock_driver_init
                0x00000000000027e4       0x80 zephyr/drivers/timer/libdrivers__timer.a(nrf_rtc_timer.c.obj)
 .text.rtc_nrf_isr
                0x0000000000002864       0xec zephyr/drivers/timer/libdrivers__timer.a(nrf_rtc_timer.c.obj)
                0x0000000000002864                rtc_nrf_isr
 .text.sys_clock_set_timeout
                0x0000000000002950       0x64 zephyr/drivers/timer/libdrivers__timer.a(nrf_rtc_timer.c.obj)
                0x0000000000002950                sys_clock_set_timeout
 .text.sys_clock_elapsed
                0x00000000000029b4       0x14 zephyr/drivers/timer/libdrivers__timer.a(nrf_rtc_timer.c.obj)
                0x00000000000029b4                sys_clock_elapsed
 .text.nrf_gpio_pin_clear
                0x00000000000029c8       0x20 zephyr/drivers/pinctrl/libdrivers__pinctrl.a(pinctrl_nrf.c.obj)
 .text.nrf_pin_configure
                0x00000000000029e8       0x44 zephyr/drivers/pinctrl/libdrivers__pinctrl.a(pinctrl_nrf.c.obj)
 .text.nrf_gpio_pin_set
                0x0000000000002a2c       0x20 zephyr/drivers/pinctrl/libdrivers__pinctrl.a(pinctrl_nrf.c.obj)
 .text.nrf52_errata_98
                0x0000000000002a4c       0x24 modules/hal_nordic/nrfx/libmodules__hal_nordic__nrfx.a(system_nrf52840.c.obj)
 .text.nvmc_wait
                0x0000000000002a70       0x10 modules/hal_nordic/nrfx/libmodules__hal_nordic__nrfx.a(system_nrf52840.c.obj)
                0x0000000000002a70                nvmc_wait
 .text.SystemInit
                0x0000000000002a80      0x1d4 modules/hal_nordic/nrfx/libmodules__hal_nordic__nrfx.a(system_nrf52840.c.obj)
                0x0000000000002a80                SystemInit
 .text.nrfx_flag32_alloc
                0x0000000000002c54       0x4c modules/hal_nordic/nrfx/libmodules__hal_nordic__nrfx.a(nrfx_flag32_allocator.c.obj)
                0x0000000000002c54                nrfx_flag32_alloc
 .text.nrfx_flag32_free
                0x0000000000002ca0       0x44 modules/hal_nordic/nrfx/libmodules__hal_nordic__nrfx.a(nrfx_flag32_allocator.c.obj)
                0x0000000000002ca0                nrfx_flag32_free
 .text.clock_stop
                0x0000000000002ce4       0xa8 modules/hal_nordic/nrfx/libmodules__hal_nordic__nrfx.a(nrfx_clock.c.obj)
 .text.nrfx_clock_init
                0x0000000000002d8c       0x20 modules/hal_nordic/nrfx/libmodules__hal_nordic__nrfx.a(nrfx_clock.c.obj)
                0x0000000000002d8c                nrfx_clock_init
 .text.nrfx_power_clock_irq_handler
                0x0000000000002dac       0x68 modules/hal_nordic/nrfx/libmodules__hal_nordic__nrfx.a(nrfx_clock.c.obj)
                0x0000000000002dac                nrfx_power_clock_irq_handler
 .text.nrf_gpio_pin_port_decode
                0x0000000000002e14       0x1c modules/hal_nordic/nrfx/libmodules__hal_nordic__nrfx.a(nrfx_gpiote.c.obj)
 .text.pin_in_use_by_te
                0x0000000000002e30       0x14 modules/hal_nordic/nrfx/libmodules__hal_nordic__nrfx.a(nrfx_gpiote.c.obj)
 .text.call_handler
                0x0000000000002e44       0x3c modules/hal_nordic/nrfx/libmodules__hal_nordic__nrfx.a(nrfx_gpiote.c.obj)
 .text.release_handler
                0x0000000000002e80       0x54 modules/hal_nordic/nrfx/libmodules__hal_nordic__nrfx.a(nrfx_gpiote.c.obj)
 .text.pin_handler_trigger_uninit
                0x0000000000002ed4       0x38 modules/hal_nordic/nrfx/libmodules__hal_nordic__nrfx.a(nrfx_gpiote.c.obj)
 .text.nrfx_gpiote_input_configure
                0x0000000000002f0c      0x15c modules/hal_nordic/nrfx/libmodules__hal_nordic__nrfx.a(nrfx_gpiote.c.obj)
                0x0000000000002f0c                nrfx_gpiote_input_configure
 .text.nrfx_gpiote_output_configure
                0x0000000000003068       0xe4 modules/hal_nordic/nrfx/libmodules__hal_nordic__nrfx.a(nrfx_gpiote.c.obj)
                0x0000000000003068                nrfx_gpiote_output_configure
 .text.nrfx_gpiote_global_callback_set
                0x000000000000314c        0xc modules/hal_nordic/nrfx/libmodules__hal_nordic__nrfx.a(nrfx_gpiote.c.obj)
                0x000000000000314c                nrfx_gpiote_global_callback_set
 .text.nrfx_gpiote_channel_get
                0x0000000000003158       0x2c modules/hal_nordic/nrfx/libmodules__hal_nordic__nrfx.a(nrfx_gpiote.c.obj)
                0x0000000000003158                nrfx_gpiote_channel_get
 .text.nrfx_gpiote_init
                0x0000000000003184       0x50 modules/hal_nordic/nrfx/libmodules__hal_nordic__nrfx.a(nrfx_gpiote.c.obj)
                0x0000000000003184                nrfx_gpiote_init
 .text.nrfx_gpiote_is_init
                0x00000000000031d4       0x14 modules/hal_nordic/nrfx/libmodules__hal_nordic__nrfx.a(nrfx_gpiote.c.obj)
                0x00000000000031d4                nrfx_gpiote_is_init
 .text.nrfx_gpiote_channel_free
                0x00000000000031e8        0xc modules/hal_nordic/nrfx/libmodules__hal_nordic__nrfx.a(nrfx_gpiote.c.obj)
                0x00000000000031e8                nrfx_gpiote_channel_free
 .text.nrfx_gpiote_channel_alloc
                0x00000000000031f4        0xc modules/hal_nordic/nrfx/libmodules__hal_nordic__nrfx.a(nrfx_gpiote.c.obj)
                0x00000000000031f4                nrfx_gpiote_channel_alloc
 .text.nrfx_gpiote_trigger_enable
                0x0000000000003200       0x90 modules/hal_nordic/nrfx/libmodules__hal_nordic__nrfx.a(nrfx_gpiote.c.obj)
                0x0000000000003200                nrfx_gpiote_trigger_enable
 .text.nrfx_gpiote_trigger_disable
                0x0000000000003290       0x50 modules/hal_nordic/nrfx/libmodules__hal_nordic__nrfx.a(nrfx_gpiote.c.obj)
                0x0000000000003290                nrfx_gpiote_trigger_disable
 .text.nrfx_gpiote_pin_uninit
                0x00000000000032e0       0x48 modules/hal_nordic/nrfx/libmodules__hal_nordic__nrfx.a(nrfx_gpiote.c.obj)
                0x00000000000032e0                nrfx_gpiote_pin_uninit
 .text.nrfx_gpiote_irq_handler
                0x0000000000003328      0x1ac modules/hal_nordic/nrfx/libmodules__hal_nordic__nrfx.a(nrfx_gpiote.c.obj)
                0x0000000000003328                nrfx_gpiote_irq_handler
 .text.nrfx_ppi_channel_alloc
                0x00000000000034d4        0xc modules/hal_nordic/nrfx/libmodules__hal_nordic__nrfx.a(nrfx_ppi.c.obj)
                0x00000000000034d4                nrfx_ppi_channel_alloc
 .text._DoInit  0x00000000000034e0       0x6c modules/segger/libmodules__segger.a(SEGGER_RTT.c.obj)
 .text.z_sys_init_run_level
                0x000000000000354c       0x40 zephyr/kernel/libkernel.a(device.c.obj)
                0x000000000000354c                z_sys_init_run_level
 .text.z_impl_z_errno
                0x000000000000358c        0xc zephyr/kernel/libkernel.a(errno.c.obj)
                0x000000000000358c                z_impl_z_errno
 .text.bg_thread_main
                0x0000000000003598       0x34 zephyr/kernel/libkernel.a(init.c.obj)
 .text.z_bss_zero
                0x00000000000035cc       0x18 zephyr/kernel/libkernel.a(init.c.obj)
                0x00000000000035cc                z_bss_zero
 .text.z_init_cpu
                0x00000000000035e4       0x70 zephyr/kernel/libkernel.a(init.c.obj)
                0x00000000000035e4                z_init_cpu
 .text.z_cstart
                0x0000000000003654       0xd8 zephyr/kernel/libkernel.a(init.c.obj)
                0x0000000000003654                z_cstart
 .text.init_mem_slab_module
                0x000000000000372c       0x44 zephyr/kernel/libkernel.a(mem_slab.c.obj)
 .text.k_mem_slab_alloc
                0x0000000000003770       0x5c zephyr/kernel/libkernel.a(mem_slab.c.obj)
                0x0000000000003770                k_mem_slab_alloc
 .text.z_setup_new_thread
                0x00000000000037cc       0x64 zephyr/kernel/libkernel.a(thread.c.obj)
                0x00000000000037cc                z_setup_new_thread
 .text.z_init_static_threads
                0x0000000000003830       0xb8 zephyr/kernel/libkernel.a(thread.c.obj)
                0x0000000000003830                z_init_static_threads
 .text.idle     0x00000000000038e8       0x38 zephyr/kernel/libkernel.a(idle.c.obj)
                0x00000000000038e8                idle
 .text.z_impl_k_mutex_lock
                0x0000000000003920       0xf0 zephyr/kernel/libkernel.a(mutex.c.obj)
                0x0000000000003920                z_impl_k_mutex_lock
 .text.z_impl_k_mutex_unlock
                0x0000000000003a10       0x84 zephyr/kernel/libkernel.a(mutex.c.obj)
                0x0000000000003a10                z_impl_k_mutex_unlock
 .text.z_impl_k_sem_give
                0x0000000000003a94       0x40 zephyr/kernel/libkernel.a(sem.c.obj)
                0x0000000000003a94                z_impl_k_sem_give
 .text.z_impl_k_sem_take
                0x0000000000003ad4       0x50 zephyr/kernel/libkernel.a(sem.c.obj)
                0x0000000000003ad4                z_impl_k_sem_take
 .text.z_reset_time_slice
                0x0000000000003b24       0x28 zephyr/kernel/libkernel.a(sched.c.obj)
                0x0000000000003b24                z_reset_time_slice
 .text.k_sched_time_slice_set
                0x0000000000003b4c       0x64 zephyr/kernel/libkernel.a(sched.c.obj)
                0x0000000000003b4c                k_sched_time_slice_set
 .text.z_reschedule
                0x0000000000003bb0       0x24 zephyr/kernel/libkernel.a(sched.c.obj)
                0x0000000000003bb0                z_reschedule
 .text.k_sched_lock
                0x0000000000003bd4       0x28 zephyr/kernel/libkernel.a(sched.c.obj)
                0x0000000000003bd4                k_sched_lock
 .text.update_cache
                0x0000000000003bfc       0x40 zephyr/kernel/libkernel.a(sched.c.obj)
 .text.move_thread_to_end_of_prio_q
                0x0000000000003c3c       0x74 zephyr/kernel/libkernel.a(sched.c.obj)
 .text.z_time_slice
                0x0000000000003cb0       0x84 zephyr/kernel/libkernel.a(sched.c.obj)
                0x0000000000003cb0                z_time_slice
 .text.ready_thread
                0x0000000000003d34       0x6c zephyr/kernel/libkernel.a(sched.c.obj)
 .text.z_sched_start
                0x0000000000003da0       0x3c zephyr/kernel/libkernel.a(sched.c.obj)
                0x0000000000003da0                z_sched_start
 .text.unready_thread
                0x0000000000003ddc       0x30 zephyr/kernel/libkernel.a(sched.c.obj)
 .text.pend     0x0000000000003e0c       0x4c zephyr/kernel/libkernel.a(sched.c.obj)
 .text.z_pend_curr
                0x0000000000003e58       0x28 zephyr/kernel/libkernel.a(sched.c.obj)
                0x0000000000003e58                z_pend_curr
 .text.z_set_prio
                0x0000000000003e80       0x90 zephyr/kernel/libkernel.a(sched.c.obj)
                0x0000000000003e80                z_set_prio
 .text.z_impl_k_thread_suspend
                0x0000000000003f10       0x64 zephyr/kernel/libkernel.a(sched.c.obj)
                0x0000000000003f10                z_impl_k_thread_suspend
 .text.k_sched_unlock
                0x0000000000003f74       0x38 zephyr/kernel/libkernel.a(sched.c.obj)
                0x0000000000003f74                k_sched_unlock
 .text.z_sched_init
                0x0000000000003fac       0x18 zephyr/kernel/libkernel.a(sched.c.obj)
                0x0000000000003fac                z_sched_init
 .text.z_impl_k_yield
                0x0000000000003fc4       0x80 zephyr/kernel/libkernel.a(sched.c.obj)
                0x0000000000003fc4                z_impl_k_yield
 .text.z_tick_sleep
                0x0000000000004044       0x90 zephyr/kernel/libkernel.a(sched.c.obj)
 .text.z_impl_k_sleep
                0x00000000000040d4       0x34 zephyr/kernel/libkernel.a(sched.c.obj)
                0x00000000000040d4                z_impl_k_sleep
 .text.z_impl_z_current_get
                0x0000000000004108        0xc zephyr/kernel/libkernel.a(sched.c.obj)
                0x0000000000004108                z_impl_z_current_get
 .text.z_thread_abort
                0x0000000000004114       0xa4 zephyr/kernel/libkernel.a(sched.c.obj)
                0x0000000000004114                z_thread_abort
 .text.z_data_copy
                0x00000000000041b8       0x34 zephyr/kernel/libkernel.a(xip.c.obj)
                0x00000000000041b8                z_data_copy
 .text.elapsed  0x00000000000041ec       0x14 zephyr/kernel/libkernel.a(timeout.c.obj)
 .text.next_timeout
                0x0000000000004200       0x4c zephyr/kernel/libkernel.a(timeout.c.obj)
 .text.remove_timeout
                0x000000000000424c       0x34 zephyr/kernel/libkernel.a(timeout.c.obj)
 .text.z_add_timeout
                0x0000000000004280       0xf4 zephyr/kernel/libkernel.a(timeout.c.obj)
                0x0000000000004280                z_add_timeout
 .text.sys_clock_announce
                0x0000000000004374       0xb8 zephyr/kernel/libkernel.a(timeout.c.obj)
                0x0000000000004374                sys_clock_announce
 .text.sys_clock_tick_get
                0x000000000000442c       0x30 zephyr/kernel/libkernel.a(timeout.c.obj)
                0x000000000000442c                sys_clock_tick_get
 .text.k_thread_system_pool_assign
                0x000000000000445c        0xc zephyr/kernel/libkernel.a(mempool.c.obj)
                0x000000000000445c                k_thread_system_pool_assign
 .text.boot_banner
                0x0000000000004468       0x18 zephyr/kernel/libkernel.a(banner.c.obj)
                0x0000000000004468                boot_banner
 .text.statics_init
                0x0000000000004480       0x24 zephyr/kernel/libkernel.a(kheap.c.obj)
 .text.nrf_cc3xx_platform_init_no_rng
                0x00000000000044a4       0x38 /home/rt/ncs/nrfxlib/crypto/nrf_cc310_platform/lib/cortex-m4/soft-float/no-interrupts/libnrf_cc310_platform_0.9.14.a(nrf_cc3xx_platform.c.obj)
                0x00000000000044a4                nrf_cc3xx_platform_init_no_rng
 .text.nrf_cc3xx_platform_abort
                0x00000000000044dc       0x24 /home/rt/ncs/nrfxlib/crypto/nrf_cc310_platform/lib/cortex-m4/soft-float/no-interrupts/libnrf_cc310_platform_0.9.14.a(nrf_cc3xx_platform_abort.c.obj)
 .text.CC_PalAbort
                0x0000000000004500       0x34 /home/rt/ncs/nrfxlib/crypto/nrf_cc310_platform/lib/cortex-m4/soft-float/no-interrupts/libnrf_cc310_platform_0.9.14.a(nrf_cc3xx_platform_abort.c.obj)
                0x0000000000004500                CC_PalAbort
 .text.nrf_cc3xx_platform_set_abort
                0x0000000000004534       0x10 /home/rt/ncs/nrfxlib/crypto/nrf_cc310_platform/lib/cortex-m4/soft-float/no-interrupts/libnrf_cc310_platform_0.9.14.a(nrf_cc3xx_platform_abort.c.obj)
                0x0000000000004534                nrf_cc3xx_platform_set_abort
 .text.mutex_free
                0x0000000000004544       0x28 /home/rt/ncs/nrfxlib/crypto/nrf_cc310_platform/lib/cortex-m4/soft-float/no-interrupts/libnrf_cc310_platform_0.9.14.a(nrf_cc3xx_platform_mutex.c.obj)
 .text.mutex_lock
                0x000000000000456c       0x40 /home/rt/ncs/nrfxlib/crypto/nrf_cc310_platform/lib/cortex-m4/soft-float/no-interrupts/libnrf_cc310_platform_0.9.14.a(nrf_cc3xx_platform_mutex.c.obj)
 .text.mutex_unlock
                0x00000000000045ac       0x2c /home/rt/ncs/nrfxlib/crypto/nrf_cc310_platform/lib/cortex-m4/soft-float/no-interrupts/libnrf_cc310_platform_0.9.14.a(nrf_cc3xx_platform_mutex.c.obj)
 .text.mutex_init
                0x00000000000045d8       0x1c /home/rt/ncs/nrfxlib/crypto/nrf_cc310_platform/lib/cortex-m4/soft-float/no-interrupts/libnrf_cc310_platform_0.9.14.a(nrf_cc3xx_platform_mutex.c.obj)
 .text.nrf_cc3xx_platform_set_mutexes
                0x00000000000045f4       0x60 /home/rt/ncs/nrfxlib/crypto/nrf_cc310_platform/lib/cortex-m4/soft-float/no-interrupts/libnrf_cc310_platform_0.9.14.a(nrf_cc3xx_platform_mutex.c.obj)
                0x00000000000045f4                nrf_cc3xx_platform_set_mutexes
 .text.CC_LibInitNoRng
                0x0000000000004654       0x64 /home/rt/ncs/nrfxlib/crypto/nrf_cc310_platform/lib/cortex-m4/soft-float/no-interrupts/libnrf_cc310_platform_0.9.14.a(cc_lib.c.obj)
                0x0000000000004654                CC_LibInitNoRng
 .text.CC_HalInit
                0x00000000000046b8        0x4 /home/rt/ncs/nrfxlib/crypto/nrf_cc310_platform/lib/cortex-m4/soft-float/no-interrupts/libnrf_cc310_platform_0.9.14.a(cc_hal.c.obj)
                0x00000000000046b8                CC_HalInit
 .text.CC_HalTerminate
                0x00000000000046bc        0x4 /home/rt/ncs/nrfxlib/crypto/nrf_cc310_platform/lib/cortex-m4/soft-float/no-interrupts/libnrf_cc310_platform_0.9.14.a(cc_hal.c.obj)
                0x00000000000046bc                CC_HalTerminate
 .text.CC_HalMaskInterrupt
                0x00000000000046c0        0xc /home/rt/ncs/nrfxlib/crypto/nrf_cc310_platform/lib/cortex-m4/soft-float/no-interrupts/libnrf_cc310_platform_0.9.14.a(cc_hal.c.obj)
                0x00000000000046c0                CC_HalMaskInterrupt
 .text.CC_PalInit
                0x00000000000046cc       0x5c /home/rt/ncs/nrfxlib/crypto/nrf_cc310_platform/lib/cortex-m4/soft-float/no-interrupts/libnrf_cc310_platform_0.9.14.a(cc_pal.c.obj)
                0x00000000000046cc                CC_PalInit
 .text.CC_PalTerminate
                0x0000000000004728       0x34 /home/rt/ncs/nrfxlib/crypto/nrf_cc310_platform/lib/cortex-m4/soft-float/no-interrupts/libnrf_cc310_platform_0.9.14.a(cc_pal.c.obj)
                0x0000000000004728                CC_PalTerminate
 .text.CC_PalDmaInit
                0x000000000000475c        0x4 /home/rt/ncs/nrfxlib/crypto/nrf_cc310_platform/lib/cortex-m4/soft-float/no-interrupts/libnrf_cc310_platform_0.9.14.a(cc_pal_dma.c.obj)
                0x000000000000475c                CC_PalDmaInit
 .text.CC_PalDmaTerminate
                0x0000000000004760        0x4 /home/rt/ncs/nrfxlib/crypto/nrf_cc310_platform/lib/cortex-m4/soft-float/no-interrupts/libnrf_cc310_platform_0.9.14.a(cc_pal_dma.c.obj)
                0x0000000000004760                CC_PalDmaTerminate
 .text.CC_PalMutexCreate
                0x0000000000004764       0x14 /home/rt/ncs/nrfxlib/crypto/nrf_cc310_platform/lib/cortex-m4/soft-float/no-interrupts/libnrf_cc310_platform_0.9.14.a(cc_pal_mutex.c.obj)
                0x0000000000004764                CC_PalMutexCreate
 .text.CC_PalMutexDestroy
                0x0000000000004778       0x14 /home/rt/ncs/nrfxlib/crypto/nrf_cc310_platform/lib/cortex-m4/soft-float/no-interrupts/libnrf_cc310_platform_0.9.14.a(cc_pal_mutex.c.obj)
                0x0000000000004778                CC_PalMutexDestroy
 .text.CC_PalPowerSaveModeInit
                0x000000000000478c       0x3c /home/rt/ncs/nrfxlib/crypto/nrf_cc310_platform/lib/cortex-m4/soft-float/no-interrupts/libnrf_cc310_platform_0.9.14.a(cc_pal_pm.c.obj)
                0x000000000000478c                CC_PalPowerSaveModeInit
 .text.CC_PalPowerSaveModeSelect
                0x00000000000047c8       0x88 /home/rt/ncs/nrfxlib/crypto/nrf_cc310_platform/lib/cortex-m4/soft-float/no-interrupts/libnrf_cc310_platform_0.9.14.a(cc_pal_pm.c.obj)
                0x00000000000047c8                CC_PalPowerSaveModeSelect
 .text._OffsetAbsSyms
                0x0000000000004850        0x2 zephyr/CMakeFiles/offsets.dir/./arch/arm/core/offsets/offsets.c.obj
                0x0000000000004850                _OffsetAbsSyms
 .text.sys_notify_validate
                0x0000000000004852       0x22 zephyr/libzephyr.a(notify.c.obj)
                0x0000000000004852                sys_notify_validate
 .text.sys_notify_finalize
                0x0000000000004874       0x1a zephyr/libzephyr.a(notify.c.obj)
                0x0000000000004874                sys_notify_finalize
 .text.arch_printk_char_out
                0x000000000000488e        0x4 zephyr/libzephyr.a(printk.c.obj)
                0x000000000000488e                arch_printk_char_out
 .text.printk   0x0000000000004892       0x1a zephyr/libzephyr.a(printk.c.obj)
                0x0000000000004892                printk
 .text.process_recheck
                0x00000000000048ac       0x38 zephyr/libzephyr.a(onoff.c.obj)
 .text.notify_one
                0x00000000000048e4       0x2c zephyr/libzephyr.a(onoff.c.obj)
 .text.transition_complete
                0x0000000000004910       0x1c zephyr/libzephyr.a(onoff.c.obj)
 .text.validate_args
                0x000000000000492c       0x1e zephyr/libzephyr.a(onoff.c.obj)
 .text.onoff_manager_init
                0x000000000000494a       0x26 zephyr/libzephyr.a(onoff.c.obj)
                0x000000000000494a                onoff_manager_init
 .text.onoff_request
                0x0000000000004970       0x92 zephyr/libzephyr.a(onoff.c.obj)
                0x0000000000004970                onoff_request
 .text.z_thread_entry
                0x0000000000004a02       0x14 zephyr/libzephyr.a(thread_entry.c.obj)
                0x0000000000004a02                z_thread_entry
 .text.chunk_size
                0x0000000000004a16        0xa zephyr/libzephyr.a(heap.c.obj)
 .text.free_list_add
                0x0000000000004a20       0x4e zephyr/libzephyr.a(heap.c.obj)
 .text.sys_heap_init
                0x0000000000004a6e       0x72 zephyr/libzephyr.a(heap.c.obj)
                0x0000000000004a6e                sys_heap_init
 .text.encode_uint
                0x0000000000004ae0       0x8c zephyr/libzephyr.a(cbprintf_complete.c.obj)
 .text.outs     0x0000000000004b6c       0x2c zephyr/libzephyr.a(cbprintf_complete.c.obj)
 .text._ConfigAbsSyms
                0x0000000000004b98        0x2 zephyr/libzephyr.a(configs.c.obj)
                0x0000000000004b98                _ConfigAbsSyms
 .text.z_impl_uart_irq_tx_disable
                0x0000000000004b9a        0xa zephyr/libzephyr.a(tty.c.obj)
 .text.tty_putchar
                0x0000000000004ba4       0x9c zephyr/libzephyr.a(tty.c.obj)
 .text.tty_uart_isr
                0x0000000000004c40       0xb6 zephyr/libzephyr.a(tty.c.obj)
 .text.tty_write
                0x0000000000004cf6       0x54 zephyr/libzephyr.a(tty.c.obj)
                0x0000000000004cf6                tty_write
 .text.tty_read
                0x0000000000004d4a      0x112 zephyr/libzephyr.a(tty.c.obj)
                0x0000000000004d4a                tty_read
 .text.tty_set_rx_buf
                0x0000000000004e5c       0x32 zephyr/libzephyr.a(tty.c.obj)
                0x0000000000004e5c                tty_set_rx_buf
 .text.tty_set_tx_buf
                0x0000000000004e8e       0x24 zephyr/libzephyr.a(tty.c.obj)
                0x0000000000004e8e                tty_set_tx_buf
 .text.abort_function
                0x0000000000004eb2        0x8 zephyr/libzephyr.a(nrf_cc3xx_platform_abort_zephyr.c.obj)
 .text.z_arm_fatal_error
                0x0000000000004eba        0x4 zephyr/arch/arch/arm/core/aarch32/libarch__arm__core__aarch32.a(fatal.c.obj)
                0x0000000000004eba                z_arm_fatal_error
 .text.z_do_kernel_oops
                0x0000000000004ebe        0x8 zephyr/arch/arch/arm/core/aarch32/libarch__arm__core__aarch32.a(fatal.c.obj)
                0x0000000000004ebe                z_do_kernel_oops
 .text.z_irq_spurious
                0x0000000000004ec6        0x8 zephyr/arch/arch/arm/core/aarch32/libarch__arm__core__aarch32.a(irq_manage.c.obj)
                0x0000000000004ec6                z_irq_spurious
 .text.z_arm_nmi
                0x0000000000004ece        0xe zephyr/arch/arch/arm/core/aarch32/libarch__arm__core__aarch32.a(nmi.c.obj)
                0x0000000000004ece                z_arm_nmi
 .text.strcpy   0x0000000000004edc       0x14 zephyr/lib/libc/minimal/liblib__libc__minimal.a(string.c.obj)
                0x0000000000004edc                strcpy
 .text.strlen   0x0000000000004ef0        0xe zephyr/lib/libc/minimal/liblib__libc__minimal.a(string.c.obj)
                0x0000000000004ef0                strlen
 .text.strnlen  0x0000000000004efe       0x12 zephyr/lib/libc/minimal/liblib__libc__minimal.a(string.c.obj)
                0x0000000000004efe                strnlen
 .text.memcpy   0x0000000000004f10       0x16 zephyr/lib/libc/minimal/liblib__libc__minimal.a(string.c.obj)
                0x0000000000004f10                memcpy
 .text.memset   0x0000000000004f26       0x12 zephyr/lib/libc/minimal/liblib__libc__minimal.a(string.c.obj)
                0x0000000000004f26                memset
 .text._stdout_hook_default
                0x0000000000004f38        0x6 zephyr/lib/libc/minimal/liblib__libc__minimal.a(stdout_console.c.obj)
 .text.pm_state_set
                0x0000000000004f3e       0x18 zephyr/soc/arm/nordic_nrf/nrf52/libsoc__arm__nordic_nrf__nrf52.a(power.c.obj)
                0x0000000000004f3e                pm_state_set
 .text.pm_state_exit_post_ops
                0x0000000000004f56        0xc zephyr/soc/arm/nordic_nrf/nrf52/libsoc__arm__nordic_nrf__nrf52.a(power.c.obj)
                0x0000000000004f56                pm_state_exit_post_ops
 .text.get_status
                0x0000000000004f62       0x12 zephyr/drivers/clock_control/libdrivers__clock_control.a(clock_control_nrf.c.obj)
 .text.set_on_state
                0x0000000000004f74       0x26 zephyr/drivers/clock_control/libdrivers__clock_control.a(clock_control_nrf.c.obj)
 .text.stop     0x0000000000004f9a       0x52 zephyr/drivers/clock_control/libdrivers__clock_control.a(clock_control_nrf.c.obj)
 .text.api_stop
                0x0000000000004fec        0x6 zephyr/drivers/clock_control/libdrivers__clock_control.a(clock_control_nrf.c.obj)
 .text.async_start
                0x0000000000004ff2       0x62 zephyr/drivers/clock_control/libdrivers__clock_control.a(clock_control_nrf.c.obj)
 .text.api_start
                0x0000000000005054        0xe zephyr/drivers/clock_control/libdrivers__clock_control.a(clock_control_nrf.c.obj)
 .text.onoff_started_callback
                0x0000000000005062       0x12 zephyr/drivers/clock_control/libdrivers__clock_control.a(clock_control_nrf.c.obj)
 .text.lfclk_start
                0x0000000000005074        0x6 zephyr/drivers/clock_control/libdrivers__clock_control.a(clock_control_nrf.c.obj)
 .text.lfclk_stop
                0x000000000000507a        0x6 zephyr/drivers/clock_control/libdrivers__clock_control.a(clock_control_nrf.c.obj)
 .text.blocking_start_callback
                0x0000000000005080        0x6 zephyr/drivers/clock_control/libdrivers__clock_control.a(clock_control_nrf.c.obj)
 .text.uart_poll_out
                0x0000000000005086        0x6 zephyr/drivers/console/libdrivers__console.a(uart_console.c.obj)
 .text.debug_hook_out_nop
                0x000000000000508c        0x4 zephyr/drivers/console/libdrivers__console.a(uart_console.c.obj)
 .text.gpio_nrfx_port_get_raw
                0x0000000000005090        0xe zephyr/drivers/gpio/libdrivers__gpio.a(gpio_nrfx.c.obj)
 .text.gpio_nrfx_port_set_masked_raw
                0x000000000000509e       0x16 zephyr/drivers/gpio/libdrivers__gpio.a(gpio_nrfx.c.obj)
 .text.gpio_nrfx_port_set_bits_raw
                0x00000000000050b4        0xc zephyr/drivers/gpio/libdrivers__gpio.a(gpio_nrfx.c.obj)
 .text.gpio_nrfx_port_clear_bits_raw
                0x00000000000050c0        0xc zephyr/drivers/gpio/libdrivers__gpio.a(gpio_nrfx.c.obj)
 .text.gpio_nrfx_port_toggle_bits
                0x00000000000050cc       0x12 zephyr/drivers/gpio/libdrivers__gpio.a(gpio_nrfx.c.obj)
 .text.gpio_nrfx_manage_callback
                0x00000000000050de       0x54 zephyr/drivers/gpio/libdrivers__gpio.a(gpio_nrfx.c.obj)
 .text.uarte_nrfx_config_get
                0x0000000000005132       0x10 zephyr/drivers/serial/libdrivers__serial.a(uart_nrfx_uarte.c.obj)
 .text.uarte_nrfx_err_check
                0x0000000000005142        0xe zephyr/drivers/serial/libdrivers__serial.a(uart_nrfx_uarte.c.obj)
 .text.uarte_nrfx_poll_in
                0x0000000000005150       0x26 zephyr/drivers/serial/libdrivers__serial.a(uart_nrfx_uarte.c.obj)
 .text.uarte_nrfx_fifo_read
                0x0000000000005176       0x2c zephyr/drivers/serial/libdrivers__serial.a(uart_nrfx_uarte.c.obj)
 .text.uarte_nrfx_irq_tx_enable
                0x00000000000051a2       0x2e zephyr/drivers/serial/libdrivers__serial.a(uart_nrfx_uarte.c.obj)
 .text.uarte_nrfx_irq_tx_disable
                0x00000000000051d0        0xa zephyr/drivers/serial/libdrivers__serial.a(uart_nrfx_uarte.c.obj)
 .text.uarte_nrfx_irq_tx_ready_complete
                0x00000000000051da       0x2a zephyr/drivers/serial/libdrivers__serial.a(uart_nrfx_uarte.c.obj)
 .text.uarte_nrfx_irq_rx_ready
                0x0000000000005204       0x10 zephyr/drivers/serial/libdrivers__serial.a(uart_nrfx_uarte.c.obj)
 .text.uarte_nrfx_irq_rx_enable
                0x0000000000005214        0xc zephyr/drivers/serial/libdrivers__serial.a(uart_nrfx_uarte.c.obj)
 .text.uarte_nrfx_irq_rx_disable
                0x0000000000005220        0xc zephyr/drivers/serial/libdrivers__serial.a(uart_nrfx_uarte.c.obj)
 .text.uarte_nrfx_irq_err_enable
                0x000000000000522c        0xe zephyr/drivers/serial/libdrivers__serial.a(uart_nrfx_uarte.c.obj)
 .text.uarte_nrfx_irq_err_disable
                0x000000000000523a        0xe zephyr/drivers/serial/libdrivers__serial.a(uart_nrfx_uarte.c.obj)
 .text.uarte_nrfx_irq_update
                0x0000000000005248        0x4 zephyr/drivers/serial/libdrivers__serial.a(uart_nrfx_uarte.c.obj)
 .text.uarte_nrfx_irq_callback_set
                0x000000000000524c        0xa zephyr/drivers/serial/libdrivers__serial.a(uart_nrfx_uarte.c.obj)
 .text.uarte_nrfx_irq_is_pending
                0x0000000000005256       0x36 zephyr/drivers/serial/libdrivers__serial.a(uart_nrfx_uarte.c.obj)
 .text.tx_start.isra.0
                0x000000000000528c       0x36 zephyr/drivers/serial/libdrivers__serial.a(uart_nrfx_uarte.c.obj)
 .text.is_tx_ready.isra.0
                0x00000000000052c2       0x20 zephyr/drivers/serial/libdrivers__serial.a(uart_nrfx_uarte.c.obj)
 .text.uarte_nrfx_fifo_fill
                0x00000000000052e2       0x80 zephyr/drivers/serial/libdrivers__serial.a(uart_nrfx_uarte.c.obj)
 .text.uarte_nrfx_isr_int
                0x0000000000005362       0xba zephyr/drivers/serial/libdrivers__serial.a(uart_nrfx_uarte.c.obj)
 .text.uarte_1_init
                0x000000000000541c       0x1e zephyr/drivers/serial/libdrivers__serial.a(uart_nrfx_uarte.c.obj)
 .text.uarte_0_init
                0x000000000000543a       0x1e zephyr/drivers/serial/libdrivers__serial.a(uart_nrfx_uarte.c.obj)
 .text.sys_clock_idle_exit
                0x0000000000005458        0x2 zephyr/drivers/timer/libdrivers__timer.a(sys_clock_init.c.obj)
                0x0000000000005458                sys_clock_idle_exit
 .text.pinctrl_lookup_state
                0x000000000000545a       0x30 zephyr/drivers/pinctrl/libdrivers__pinctrl.a(common.c.obj)
                0x000000000000545a                pinctrl_lookup_state
 .text.nrf_gpio_pin_write
                0x000000000000548a        0xa zephyr/drivers/pinctrl/libdrivers__pinctrl.a(pinctrl_nrf.c.obj)
 .text.pinctrl_configure_pins
                0x0000000000005494      0x13e zephyr/drivers/pinctrl/libdrivers__pinctrl.a(pinctrl_nrf.c.obj)
                0x0000000000005494                pinctrl_configure_pins
 .text.k_sys_fatal_error_handler
                0x00000000000055d2        0x8 modules/nrf/lib/fatal_error/lib..__nrf__lib__fatal_error.a(fatal_error.c.obj)
                0x00000000000055d2                k_sys_fatal_error_handler
 .text.hw_cc3xx_init_internal
                0x00000000000055da        0x4 modules/nrf/drivers/hw_cc310/lib..__nrf__drivers__hw_cc310.a(hw_cc310.c.obj)
 .text.hw_cc3xx_init
                0x00000000000055de       0x12 modules/nrf/drivers/hw_cc310/lib..__nrf__drivers__hw_cc310.a(hw_cc310.c.obj)
 .text.nrf52_errata_36
                0x00000000000055f0       0x12 modules/hal_nordic/nrfx/libmodules__hal_nordic__nrfx.a(system_nrf52840.c.obj)
 .text.nrfx_isr
                0x0000000000005602        0x2 modules/hal_nordic/nrfx/libmodules__hal_nordic__nrfx.a(nrfx_glue.c.obj)
                0x0000000000005602                nrfx_isr
 .text.nrfx_busy_wait
                0x0000000000005604        0x4 modules/hal_nordic/nrfx/libmodules__hal_nordic__nrfx.a(nrfx_glue.c.obj)
                0x0000000000005604                nrfx_busy_wait
 .text.nrfx_clock_enable
                0x0000000000005608       0x1a modules/hal_nordic/nrfx/libmodules__hal_nordic__nrfx.a(nrfx_clock.c.obj)
                0x0000000000005608                nrfx_clock_enable
 .text.nrfx_clock_start
                0x0000000000005622       0x7a modules/hal_nordic/nrfx/libmodules__hal_nordic__nrfx.a(nrfx_clock.c.obj)
                0x0000000000005622                nrfx_clock_start
 .text.nrfx_clock_stop
                0x000000000000569c        0x4 modules/hal_nordic/nrfx/libmodules__hal_nordic__nrfx.a(nrfx_clock.c.obj)
                0x000000000000569c                nrfx_clock_stop
 .text.nrf_gpio_reconfigure
                0x00000000000056a0       0x8e modules/hal_nordic/nrfx/libmodules__hal_nordic__nrfx.a(nrfx_gpiote.c.obj)
 .text.nrf_gpio_cfg_sense_set
                0x000000000000572e       0x1e modules/hal_nordic/nrfx/libmodules__hal_nordic__nrfx.a(nrfx_gpiote.c.obj)
 .text.SEGGER_RTT_Init
                0x000000000000574c        0x4 modules/segger/libmodules__segger.a(SEGGER_RTT.c.obj)
                0x000000000000574c                SEGGER_RTT_Init
 .text.rtt_init
                0x0000000000005750        0xa modules/segger/libmodules__segger.a(SEGGER_RTT_zephyr.c.obj)
 .text.z_device_state_init
                0x000000000000575a        0x2 zephyr/kernel/libkernel.a(device.c.obj)
                0x000000000000575a                z_device_state_init
 .text.z_device_is_ready
                0x000000000000575c       0x14 zephyr/kernel/libkernel.a(device.c.obj)
                0x000000000000575c                z_device_is_ready
 .text.z_fatal_error
                0x0000000000005770       0x36 zephyr/kernel/libkernel.a(fatal.c.obj)
                0x0000000000005770                z_fatal_error
 .text.z_early_memset
                0x00000000000057a6        0x4 zephyr/kernel/libkernel.a(init.c.obj)
                0x00000000000057a6                z_early_memset
 .text.z_early_memcpy
                0x00000000000057aa        0x4 zephyr/kernel/libkernel.a(init.c.obj)
                0x00000000000057aa                z_early_memcpy
 .text.k_mem_slab_init
                0x00000000000057ae       0x36 zephyr/kernel/libkernel.a(mem_slab.c.obj)
                0x00000000000057ae                k_mem_slab_init
 .text.k_mem_slab_free
                0x00000000000057e4       0x52 zephyr/kernel/libkernel.a(mem_slab.c.obj)
                0x00000000000057e4                k_mem_slab_free
 .text.k_is_in_isr
                0x0000000000005836        0xc zephyr/kernel/libkernel.a(thread.c.obj)
                0x0000000000005836                k_is_in_isr
 .text.z_pm_save_idle_exit
                0x0000000000005842        0xe zephyr/kernel/libkernel.a(idle.c.obj)
                0x0000000000005842                z_pm_save_idle_exit
 .text.adjust_owner_prio.isra.0
                0x0000000000005850       0x10 zephyr/kernel/libkernel.a(mutex.c.obj)
 .text.z_impl_k_mutex_init
                0x0000000000005860        0xe zephyr/kernel/libkernel.a(mutex.c.obj)
                0x0000000000005860                z_impl_k_mutex_init
 .text.z_impl_k_sem_init
                0x000000000000586e       0x18 zephyr/kernel/libkernel.a(sem.c.obj)
                0x000000000000586e                z_impl_k_sem_init
 .text.sys_dlist_remove
                0x0000000000005886       0x10 zephyr/kernel/libkernel.a(sched.c.obj)
 .text.unpend_thread_no_timeout
                0x0000000000005896       0x14 zephyr/kernel/libkernel.a(sched.c.obj)
 .text.z_reschedule_irqlock
                0x00000000000058aa       0x18 zephyr/kernel/libkernel.a(sched.c.obj)
                0x00000000000058aa                z_reschedule_irqlock
 .text.z_reschedule_unlocked
                0x00000000000058c2       0x14 zephyr/kernel/libkernel.a(sched.c.obj)
 .text.z_priq_dumb_best
                0x00000000000058d6        0xc zephyr/kernel/libkernel.a(sched.c.obj)
                0x00000000000058d6                z_priq_dumb_best
 .text.z_ready_thread
                0x00000000000058e2       0x20 zephyr/kernel/libkernel.a(sched.c.obj)
                0x00000000000058e2                z_ready_thread
 .text.z_thread_timeout
                0x0000000000005902       0x44 zephyr/kernel/libkernel.a(sched.c.obj)
                0x0000000000005902                z_thread_timeout
 .text.add_to_waitq_locked
                0x0000000000005946       0x54 zephyr/kernel/libkernel.a(sched.c.obj)
 .text.z_unpend_first_thread
                0x000000000000599a       0x30 zephyr/kernel/libkernel.a(sched.c.obj)
                0x000000000000599a                z_unpend_first_thread
 .text.z_abort_timeout
                0x00000000000059ca       0x2c zephyr/kernel/libkernel.a(timeout.c.obj)
                0x00000000000059ca                z_abort_timeout
 .text.z_get_next_timeout_expiry
                0x00000000000059f6       0x20 zephyr/kernel/libkernel.a(timeout.c.obj)
                0x00000000000059f6                z_get_next_timeout_expiry
 .text.z_set_timeout_expiry
                0x0000000000005a16       0x34 zephyr/kernel/libkernel.a(timeout.c.obj)
                0x0000000000005a16                z_set_timeout_expiry
 .text.sys_clock_tick_get_32
                0x0000000000005a4a        0x8 zephyr/kernel/libkernel.a(timeout.c.obj)
                0x0000000000005a4a                sys_clock_tick_get_32
 .text.z_impl_k_busy_wait
                0x0000000000005a52        0x8 zephyr/kernel/libkernel.a(timeout.c.obj)
                0x0000000000005a52                z_impl_k_busy_wait
 .text.k_heap_init
                0x0000000000005a5a       0x10 zephyr/kernel/libkernel.a(kheap.c.obj)
                0x0000000000005a5a                k_heap_init
 *(SORT_BY_ALIGNMENT(.TEXT.*))
 *fill*         0x0000000000005a6a        0x2 
 .TEXT.z_arm_platform_init
                0x0000000000005a6c        0x4 zephyr/libzephyr.a(soc_nrf_common.S.obj)
                0x0000000000005a6c                z_arm_platform_init
 *(SORT_BY_ALIGNMENT(.gnu.linkonce.t.*))
 *(SORT_BY_ALIGNMENT(.glue_7t))
 .glue_7t       0x0000000000005a70        0x0 linker stubs
 *(SORT_BY_ALIGNMENT(.glue_7))
 .glue_7        0x0000000000005a70        0x0 linker stubs
 *(SORT_BY_ALIGNMENT(.vfp11_veneer))
 .vfp11_veneer  0x0000000000005a70        0x0 linker stubs
 *(SORT_BY_ALIGNMENT(.v4_bx))
 .v4_bx         0x0000000000005a70        0x0 linker stubs
                0x0000000000005a70                __text_region_end = .

.ARM.exidx      0x0000000000005a70        0x8
                0x0000000000005a70                __exidx_start = .
 *(SORT_BY_ALIGNMENT(.ARM.exidx*) SORT_BY_ALIGNMENT(gnu.linkonce.armexidx.*))
 .ARM.exidx     0x0000000000005a70        0x8 /home/rt/zephyr-sdk-0.14.1/arm-zephyr-eabi/bin/../lib/gcc/arm-zephyr-eabi/10.3.0/thumb/v7e-m/nofp/libgcc.a(_udivmoddi4.o)
                0x0000000000005a78                __exidx_end = .
                0x0000000000005a78                __rodata_region_start = .

initlevel       0x0000000000005a78       0x68
                0x0000000000005a78                __init_start = .
                0x0000000000005a78                __init_PRE_KERNEL_1_start = .
 *(SORT_BY_NAME(SORT_BY_ALIGNMENT(.z_init_PRE_KERNEL_1[0-9]_*)))
 .z_init_PRE_KERNEL_10_
                0x0000000000005a78        0x8 zephyr/soc/arm/nordic_nrf/nrf52/libsoc__arm__nordic_nrf__nrf52.a(soc.c.obj)
 *(SORT_BY_NAME(SORT_BY_ALIGNMENT(.z_init_PRE_KERNEL_1[1-9][0-9]_*)))
 .z_init_PRE_KERNEL_130_
                0x0000000000005a80        0x8 zephyr/drivers/clock_control/libdrivers__clock_control.a(clock_control_nrf.c.obj)
 .z_init_PRE_KERNEL_130_
                0x0000000000005a88        0x8 modules/segger/libmodules__segger.a(SEGGER_RTT_zephyr.c.obj)
 .z_init_PRE_KERNEL_130_
                0x0000000000005a90        0x8 zephyr/kernel/libkernel.a(mem_slab.c.obj)
 .z_init_PRE_KERNEL_130_
                0x0000000000005a98        0x8 zephyr/kernel/libkernel.a(kheap.c.obj)
 .z_init_PRE_KERNEL_140_
                0x0000000000005aa0       0x10 zephyr/drivers/gpio/libdrivers__gpio.a(gpio_nrfx.c.obj)
 .z_init_PRE_KERNEL_140_
                0x0000000000005ab0        0x8 modules/nrf/drivers/hw_cc310/lib..__nrf__drivers__hw_cc310.a(hw_cc310.c.obj)
 .z_init_PRE_KERNEL_155_
                0x0000000000005ab8       0x10 zephyr/drivers/serial/libdrivers__serial.a(uart_nrfx_uarte.c.obj)
 .z_init_PRE_KERNEL_160_
                0x0000000000005ac8        0x8 zephyr/drivers/console/libdrivers__console.a(uart_console.c.obj)
                0x0000000000005ad0                __init_PRE_KERNEL_2_start = .
 *(SORT_BY_NAME(SORT_BY_ALIGNMENT(.z_init_PRE_KERNEL_2[0-9]_*)))
 .z_init_PRE_KERNEL_20_
                0x0000000000005ad0        0x8 zephyr/drivers/timer/libdrivers__timer.a(nrf_rtc_timer.c.obj)
 *(SORT_BY_NAME(SORT_BY_ALIGNMENT(.z_init_PRE_KERNEL_2[1-9][0-9]_*)))
                0x0000000000005ad8                __init_POST_KERNEL_start = .
 *(SORT_BY_NAME(SORT_BY_ALIGNMENT(.z_init_POST_KERNEL[0-9]_*)))
 *(SORT_BY_NAME(SORT_BY_ALIGNMENT(.z_init_POST_KERNEL[1-9][0-9]_*)))
 .z_init_POST_KERNEL40_
                0x0000000000005ad8        0x8 modules/nrf/drivers/hw_cc310/lib..__nrf__drivers__hw_cc310.a(hw_cc310.c.obj)
                0x0000000000005ae0                __init_APPLICATION_start = .
 *(SORT_BY_NAME(SORT_BY_ALIGNMENT(.z_init_APPLICATION[0-9]_*)))
 *(SORT_BY_NAME(SORT_BY_ALIGNMENT(.z_init_APPLICATION[1-9][0-9]_*)))
                0x0000000000005ae0                __init_SMP_start = .
 *(SORT_BY_NAME(SORT_BY_ALIGNMENT(.z_init_SMP[0-9]_*)))
 *(SORT_BY_NAME(SORT_BY_ALIGNMENT(.z_init_SMP[1-9][0-9]_*)))
                0x0000000000005ae0                __init_end = .

devices         0x0000000000005ae0       0x78
                0x0000000000005ae0                __device_start = .
                0x0000000000005ae0                __device_PRE_KERNEL_1_start = .
 *(SORT_BY_NAME(SORT_BY_ALIGNMENT(.z_device_PRE_KERNEL_1[0-9]_*)))
 *(SORT_BY_NAME(SORT_BY_ALIGNMENT(.z_device_PRE_KERNEL_1[1-9][0-9]_*)))
 .z_device_PRE_KERNEL_130_
                0x0000000000005ae0       0x18 zephyr/drivers/clock_control/libdrivers__clock_control.a(clock_control_nrf.c.obj)
                0x0000000000005ae0                __device_dts_ord_72
 .z_device_PRE_KERNEL_140_
                0x0000000000005af8       0x30 zephyr/drivers/gpio/libdrivers__gpio.a(gpio_nrfx.c.obj)
                0x0000000000005af8                __device_dts_ord_11
                0x0000000000005b10                __device_dts_ord_104
 .z_device_PRE_KERNEL_155_
                0x0000000000005b28       0x30 zephyr/drivers/serial/libdrivers__serial.a(uart_nrfx_uarte.c.obj)
                0x0000000000005b28                __device_dts_ord_113
                0x0000000000005b40                __device_dts_ord_112
                0x0000000000005b58                __device_PRE_KERNEL_2_start = .
 *(SORT_BY_NAME(SORT_BY_ALIGNMENT(.z_device_PRE_KERNEL_2[0-9]_*)))
 *(SORT_BY_NAME(SORT_BY_ALIGNMENT(.z_device_PRE_KERNEL_2[1-9][0-9]_*)))
                0x0000000000005b58                __device_POST_KERNEL_start = .
 *(SORT_BY_NAME(SORT_BY_ALIGNMENT(.z_device_POST_KERNEL[0-9]_*)))
 *(SORT_BY_NAME(SORT_BY_ALIGNMENT(.z_device_POST_KERNEL[1-9][0-9]_*)))
                0x0000000000005b58                __device_APPLICATION_start = .
 *(SORT_BY_NAME(SORT_BY_ALIGNMENT(.z_device_APPLICATION[0-9]_*)))
 *(SORT_BY_NAME(SORT_BY_ALIGNMENT(.z_device_APPLICATION[1-9][0-9]_*)))
                0x0000000000005b58                __device_SMP_start = .
 *(SORT_BY_NAME(SORT_BY_ALIGNMENT(.z_device_SMP[0-9]_*)))
 *(SORT_BY_NAME(SORT_BY_ALIGNMENT(.z_device_SMP[1-9][0-9]_*)))
                0x0000000000005b58                __device_end = .

sw_isr_table    0x0000000000005b58      0x180
                0x0000000000005b58                . = ALIGN (0x0)
 *(SORT_BY_ALIGNMENT(.gnu.linkonce.sw_isr_table*))
 .gnu.linkonce.sw_isr_table
                0x0000000000005b58      0x180 zephyr/arch/common/libisr_tables.a(isr_tables.c.obj)
                0x0000000000005b58                _sw_isr_table

initlevel_error
                0x0000000000005a78        0x0
 *(SORT_BY_NAME(SORT_BY_ALIGNMENT(.z_init_[_A-Z0-9]*)))
                0x0000000000000001                ASSERT ((SIZEOF (initlevel_error) == 0x0), Undefined initialization levels used.)

app_shmem_regions
                0x0000000000005cd8        0x0
                0x0000000000005cd8                __app_shmem_regions_start = .
 *(SORT_BY_NAME(SORT_BY_ALIGNMENT(.app_regions.*)))
                0x0000000000005cd8                __app_shmem_regions_end = .

bt_l2cap_fixed_chan_area
                0x0000000000005cd8        0x0
                0x0000000000005cd8                _bt_l2cap_fixed_chan_list_start = .
 *(SORT_BY_NAME(SORT_BY_ALIGNMENT(._bt_l2cap_fixed_chan.static.*)))
                0x0000000000005cd8                _bt_l2cap_fixed_chan_list_end = .

bt_gatt_service_static_area
                0x0000000000005cd8        0x0
                0x0000000000005cd8                _bt_gatt_service_static_list_start = .
 *(SORT_BY_NAME(SORT_BY_ALIGNMENT(._bt_gatt_service_static.static.*)))
                0x0000000000005cd8                _bt_gatt_service_static_list_end = .

k_p4wq_initparam_area
                0x0000000000005cd8        0x0
                0x0000000000005cd8                _k_p4wq_initparam_list_start = .
 *(SORT_BY_NAME(SORT_BY_ALIGNMENT(._k_p4wq_initparam.static.*)))
                0x0000000000005cd8                _k_p4wq_initparam_list_end = .

log_strings_sections
                0x0000000000005cd8        0x0
                0x0000000000005cd8                __log_strings_start = .
 *(SORT_BY_NAME(SORT_BY_ALIGNMENT(.log_strings*)))
                0x0000000000005cd8                __log_strings_end = .

log_const_sections
                0x0000000000005cd8        0x0
                0x0000000000005cd8                __log_const_start = .
 *(SORT_BY_NAME(SORT_BY_ALIGNMENT(.log_const_*)))
                0x0000000000005cd8                __log_const_end = .

log_backends_sections
                0x0000000000005cd8        0x0
                0x0000000000005cd8                __log_backends_start = .
 *(SORT_BY_ALIGNMENT(._log_backend.*))
                0x0000000000005cd8                __log_backends_end = .

shell_area      0x0000000000005cd8        0x0
                0x0000000000005cd8                _shell_list_start = .
 *(SORT_BY_NAME(SORT_BY_ALIGNMENT(._shell.static.*)))
                0x0000000000005cd8                _shell_list_end = .

shell_root_cmds_sections
                0x0000000000005cd8        0x0
                0x0000000000005cd8                __shell_root_cmds_start = .
 *(SORT_BY_NAME(SORT_BY_ALIGNMENT(.shell_root_cmd_*)))
                0x0000000000005cd8                __shell_root_cmds_end = .

font_entry_sections
                0x0000000000005cd8        0x0
                0x0000000000005cd8                __font_entry_start = .
 *(SORT_BY_NAME(SORT_BY_ALIGNMENT(._cfb_font.*)))
                0x0000000000005cd8                __font_entry_end = .

tracing_backend_area
                0x0000000000005cd8        0x0
                0x0000000000005cd8                _tracing_backend_list_start = .
 *(SORT_BY_NAME(SORT_BY_ALIGNMENT(._tracing_backend.static.*)))
                0x0000000000005cd8                _tracing_backend_list_end = .

zephyr_dbg_info
 *(SORT_BY_ALIGNMENT(.dbg_thread_info))

device_handles  0x0000000000005cd8       0x1e
                0x0000000000005cd8                __device_handles_start = .
 *(SORT_BY_NAME(SORT_BY_ALIGNMENT(.__device_handles_pass2*)))
 .__device_handles_pass2
                0x0000000000005cd8       0x1e zephyr/CMakeFiles/zephyr_pre1.dir/dev_handles.c.obj
                0x0000000000005cd8                __devicehdl_DT_N_S_soc_S_uart_40002000
                0x0000000000005cde                __devicehdl_DT_N_S_soc_S_uart_40028000
                0x0000000000005ce4                __devicehdl_DT_N_S_soc_S_gpio_50000300
                0x0000000000005cea                __devicehdl_DT_N_S_soc_S_gpio_50000000
                0x0000000000005cf0                __devicehdl_DT_N_S_soc_S_clock_40000000
                0x0000000000005cf6                __device_handles_end = .

rodata          0x0000000000005d00      0x5d0
 *(SORT_BY_ALIGNMENT(.rodata))
 *(SORT_BY_ALIGNMENT(.rodata.*))
 .rodata.delay_machine_code.0
                0x0000000000005d00        0x6 zephyr/soc/arm/nordic_nrf/nrf52/libsoc__arm__nordic_nrf__nrf52.a(soc.c.obj)
 *fill*         0x0000000000005d06        0x2 
 .rodata.pmstates_DT_N_S_cpus_S_cpu_0
                0x0000000000005d08        0x0 zephyr/libzephyr.a(state.c.obj)
 .rodata.apis   0x0000000000005d08        0x8 zephyr/libzephyr.a(nrf_cc3xx_platform_abort_zephyr.c.obj)
 .rodata.mutex_apis
                0x0000000000005d10       0x10 zephyr/libzephyr.a(nrf_cc3xx_platform_mutex_zephyr.c.obj)
 .rodata.mutexes
                0x0000000000005d20       0x14 zephyr/libzephyr.a(nrf_cc3xx_platform_mutex_zephyr.c.obj)
 .rodata.static_regions
                0x0000000000005d34        0xc zephyr/arch/arch/arm/core/aarch32/mpu/libarch__arm__core__aarch32__mpu.a(arm_core_mpu.c.obj)
 .rodata.mpu_config
                0x0000000000005d40        0x8 zephyr/soc/arm/common/cortex_m/libsoc__arm__common__cortex_m.a(arm_mpu_regions.c.obj)
                0x0000000000005d40                mpu_config
 .rodata.mpu_regions
                0x0000000000005d48       0x18 zephyr/soc/arm/common/cortex_m/libsoc__arm__common__cortex_m.a(arm_mpu_regions.c.obj)
 .rodata.clock_control_api
                0x0000000000005d60       0x18 zephyr/drivers/clock_control/libdrivers__clock_control.a(clock_control_nrf.c.obj)
 .rodata.config
                0x0000000000005d78       0x10 zephyr/drivers/clock_control/libdrivers__clock_control.a(clock_control_nrf.c.obj)
 .rodata.transitions.0
                0x0000000000005d88        0xc zephyr/drivers/clock_control/libdrivers__clock_control.a(clock_control_nrf.c.obj)
 .rodata.gpio_nrfx_drv_api_funcs
                0x0000000000005d94       0x24 zephyr/drivers/gpio/libdrivers__gpio.a(gpio_nrfx.c.obj)
 .rodata.gpio_nrfx_p0_cfg
                0x0000000000005db8       0x10 zephyr/drivers/gpio/libdrivers__gpio.a(gpio_nrfx.c.obj)
 .rodata.gpio_nrfx_p1_cfg
                0x0000000000005dc8       0x10 zephyr/drivers/gpio/libdrivers__gpio.a(gpio_nrfx.c.obj)
 .rodata.__pinctrl_dev_config__device_dts_ord_112
                0x0000000000005dd8        0xc zephyr/drivers/serial/libdrivers__serial.a(uart_nrfx_uarte.c.obj)
 .rodata.__pinctrl_dev_config__device_dts_ord_113
                0x0000000000005de4        0xc zephyr/drivers/serial/libdrivers__serial.a(uart_nrfx_uarte.c.obj)
 .rodata.__pinctrl_state_pins_0__device_dts_ord_112
                0x0000000000005df0       0x10 zephyr/drivers/serial/libdrivers__serial.a(uart_nrfx_uarte.c.obj)
 .rodata.__pinctrl_state_pins_0__device_dts_ord_113
                0x0000000000005e00        0x8 zephyr/drivers/serial/libdrivers__serial.a(uart_nrfx_uarte.c.obj)
 .rodata.__pinctrl_states__device_dts_ord_112
                0x0000000000005e08        0x8 zephyr/drivers/serial/libdrivers__serial.a(uart_nrfx_uarte.c.obj)
 .rodata.__pinctrl_states__device_dts_ord_113
                0x0000000000005e10        0x8 zephyr/drivers/serial/libdrivers__serial.a(uart_nrfx_uarte.c.obj)
 .rodata.uart_nrfx_uarte_driver_api
                0x0000000000005e18       0x4c zephyr/drivers/serial/libdrivers__serial.a(uart_nrfx_uarte.c.obj)
 .rodata.uarte_0z_config
                0x0000000000005e64       0x10 zephyr/drivers/serial/libdrivers__serial.a(uart_nrfx_uarte.c.obj)
 .rodata.uarte_1z_config
                0x0000000000005e74       0x10 zephyr/drivers/serial/libdrivers__serial.a(uart_nrfx_uarte.c.obj)
 .rodata.levels.0
                0x0000000000005e84       0x14 zephyr/kernel/libkernel.a(device.c.obj)
 .rodata._k_neg_eagain
                0x0000000000005e98        0x4 zephyr/kernel/libkernel.a(errno.c.obj)
                0x0000000000005e98                _k_neg_eagain
 .rodata.CSWTCH.12
                0x0000000000005e9c       0x1c /home/rt/ncs/nrfxlib/crypto/nrf_cc310_platform/lib/cortex-m4/soft-float/no-interrupts/libnrf_cc310_platform_0.9.14.a(nrf_cc3xx_platform.c.obj)
 .rodata.mutex_free.str1.4
                0x0000000000005eb8       0x26 /home/rt/ncs/nrfxlib/crypto/nrf_cc310_platform/lib/cortex-m4/soft-float/no-interrupts/libnrf_cc310_platform_0.9.14.a(nrf_cc3xx_platform_mutex.c.obj)
 *fill*         0x0000000000005ede        0x2 
 .rodata.mutex_init.str1.4
                0x0000000000005ee0       0x23 /home/rt/ncs/nrfxlib/crypto/nrf_cc310_platform/lib/cortex-m4/soft-float/no-interrupts/libnrf_cc310_platform_0.9.14.a(nrf_cc3xx_platform_mutex.c.obj)
 *fill*         0x0000000000005f03        0x1 
 .rodata.CC_PalPowerSaveModeInit.str1.4
                0x0000000000005f04       0x20 /home/rt/ncs/nrfxlib/crypto/nrf_cc310_platform/lib/cortex-m4/soft-float/no-interrupts/libnrf_cc310_platform_0.9.14.a(cc_pal_pm.c.obj)
 .rodata.main.str1.1
                0x0000000000005f24       0x3e app/libapp.a(main.c.obj)
 .rodata.prompt
                0x0000000000005f62       0x1d app/libapp.a(main.c.obj)
 .rodata.button_pressed.str1.1
                0x0000000000005f7f       0x14 app/libapp.a(button.c.obj)
 .rodata.button_config.str1.1
                0x0000000000005f93      0x222 app/libapp.a(button.c.obj)
 .rodata.buttons_pins
                0x00000000000061b5        0x8 app/libapp.a(button.c.obj)
                0x00000000000061b5                buttons_pins
 .rodata.cbvprintf.str1.1
                0x00000000000061bd        0x6 zephyr/libzephyr.a(cbprintf_complete.c.obj)
 .rodata.sys_reboot.str1.1
                0x00000000000061c3       0x29 zephyr/libzephyr.a(reboot.c.obj)
 .rodata.mutex_free_platform.str1.1
                0x00000000000061ec       0x26 zephyr/libzephyr.a(nrf_cc3xx_platform_mutex_zephyr.c.obj)
 .rodata.mutex_init_platform.str1.1
                0x0000000000006212       0x2d zephyr/libzephyr.a(nrf_cc3xx_platform_mutex_zephyr.c.obj)
 .rodata.str1.1
                0x000000000000623f        0xf zephyr/soc/arm/common/cortex_m/libsoc__arm__common__cortex_m.a(arm_mpu_regions.c.obj)
 .rodata.CSWTCH.9
                0x000000000000624e        0x6 zephyr/soc/arm/nordic_nrf/nrf52/libsoc__arm__nordic_nrf__nrf52.a(soc.c.obj)
 .rodata.str1.1
                0x0000000000006254        0x6 zephyr/drivers/clock_control/libdrivers__clock_control.a(clock_control_nrf.c.obj)
 .rodata.str1.1
                0x000000000000625a        0xe zephyr/drivers/gpio/libdrivers__gpio.a(gpio_nrfx.c.obj)
 .rodata.str1.1
                0x0000000000006268        0xe zephyr/drivers/serial/libdrivers__serial.a(uart_nrfx_uarte.c.obj)
 .rodata.CSWTCH.14
                0x0000000000006276        0x6 modules/hal_nordic/nrfx/libmodules__hal_nordic__nrfx.a(system_nrf52840.c.obj)
 .rodata.CSWTCH.5
                0x000000000000627c        0x6 modules/hal_nordic/nrfx/libmodules__hal_nordic__nrfx.a(system_nrf52840.c.obj)
 .rodata._DoInit.str1.1
                0x0000000000006282       0x14 modules/segger/libmodules__segger.a(SEGGER_RTT.c.obj)
 .rodata.z_cstart.str1.1
                0x0000000000006296        0x5 zephyr/kernel/libkernel.a(init.c.obj)
 .rodata.boot_banner.str1.1
                0x000000000000629b       0x34 zephyr/kernel/libkernel.a(banner.c.obj)
                                         0x35 (size before relaxing)
 *(SORT_BY_ALIGNMENT(.gnu.linkonce.r.*))
                0x00000000000062d0                . = ALIGN (0x4)
 *fill*         0x00000000000062cf        0x1 
                0x00000000000062d0                __rodata_region_end = .
                0x00000000000062e0                . = ALIGN (_region_min_align)
                0x0000000000008000                . = ALIGN ((0x1 << ((__rodata_region_end - __rom_region_start) <= 0x4)?0x2:((__rodata_region_end - __rom_region_start) <= 0x8)?0x3:((__rodata_region_end - __rom_region_start) <= 0x10)?0x4:((__rodata_region_end - __rom_region_start) <= 0x20)?0x5:((__rodata_region_end - __rom_region_start) <= 0x40)?0x6:((__rodata_region_end - __rom_region_start) <= 0x80)?0x7:((__rodata_region_end - __rom_region_start) <= 0x100)?0x8:((__rodata_region_end - __rom_region_start) <= 0x200)?0x9:((__rodata_region_end - __rom_region_start) <= 0x400)?0xa:((__rodata_region_end - __rom_region_start) <= 0x800)?0xb:((__rodata_region_end - __rom_region_start) <= 0x1000)?0xc:((__rodata_region_end - __rom_region_start) <= 0x2000)?0xd:((__rodata_region_end - __rom_region_start) <= 0x4000)?0xe:((__rodata_region_end - __rom_region_start) <= 0x8000)?0xf:((__rodata_region_end - __rom_region_start) <= 0x10000)?0x10:((__rodata_region_end - __rom_region_start) <= 0x20000)?0x11:((__rodata_region_end - __rom_region_start) <= 0x40000)?0x12:((__rodata_region_end - __rom_region_start) <= 0x80000)?0x13:((__rodata_region_end - __rom_region_start) <= 0x100000)?0x14:((__rodata_region_end - __rom_region_start) <= 0x200000)?0x15:((__rodata_region_end - __rom_region_start) <= 0x400000)?0x16:((__rodata_region_end - __rom_region_start) <= 0x800000)?0x17:((__rodata_region_end - __rom_region_start) <= 0x1000000)?0x18:((__rodata_region_end - __rom_region_start) <= 0x2000000)?0x19:((__rodata_region_end - __rom_region_start) <= 0x4000000)?0x1a:((__rodata_region_end - __rom_region_start) <= 0x8000000)?0x1b:((__rodata_region_end - __rom_region_start) <= 0x10000000)?0x1c:((__rodata_region_end - __rom_region_start) <= 0x20000000)?0x1d:((__rodata_region_end - __rom_region_start) <= 0x40000000)?0x1e:((__rodata_region_end - __rom_region_start) <= 0x80000000)?0x1f:0x20))
                0x0000000000008000                __rom_region_end = .
                0x0000000020000000                . = 0x20000000
                0x0000000020000000                . = ALIGN (_region_min_align)
                0x0000000020000000                _image_ram_start = .

.ramfunc        0x0000000020000000        0x0 load address 0x00000000000062d0
                0x0000000020000000                . = ALIGN (_region_min_align)
                0x0000000020000000                . = ALIGN ((0x1 << (__ramfunc_size <= 0x4)?0x2:(__ramfunc_size <= 0x8)?0x3:(__ramfunc_size <= 0x10)?0x4:(__ramfunc_size <= 0x20)?0x5:(__ramfunc_size <= 0x40)?0x6:(__ramfunc_size <= 0x80)?0x7:(__ramfunc_size <= 0x100)?0x8:(__ramfunc_size <= 0x200)?0x9:(__ramfunc_size <= 0x400)?0xa:(__ramfunc_size <= 0x800)?0xb:(__ramfunc_size <= 0x1000)?0xc:(__ramfunc_size <= 0x2000)?0xd:(__ramfunc_size <= 0x4000)?0xe:(__ramfunc_size <= 0x8000)?0xf:(__ramfunc_size <= 0x10000)?0x10:(__ramfunc_size <= 0x20000)?0x11:(__ramfunc_size <= 0x40000)?0x12:(__ramfunc_size <= 0x80000)?0x13:(__ramfunc_size <= 0x100000)?0x14:(__ramfunc_size <= 0x200000)?0x15:(__ramfunc_size <= 0x400000)?0x16:(__ramfunc_size <= 0x800000)?0x17:(__ramfunc_size <= 0x1000000)?0x18:(__ramfunc_size <= 0x2000000)?0x19:(__ramfunc_size <= 0x4000000)?0x1a:(__ramfunc_size <= 0x8000000)?0x1b:(__ramfunc_size <= 0x10000000)?0x1c:(__ramfunc_size <= 0x20000000)?0x1d:(__ramfunc_size <= 0x40000000)?0x1e:(__ramfunc_size <= 0x80000000)?0x1f:0x20))
                0x0000000020000000                __ramfunc_start = .
 *(SORT_BY_ALIGNMENT(.ramfunc))
 *(SORT_BY_ALIGNMENT(.ramfunc.*))
                0x0000000020000000                . = ALIGN (_region_min_align)
                0x0000000020000000                . = ALIGN ((0x1 << (__ramfunc_size <= 0x4)?0x2:(__ramfunc_size <= 0x8)?0x3:(__ramfunc_size <= 0x10)?0x4:(__ramfunc_size <= 0x20)?0x5:(__ramfunc_size <= 0x40)?0x6:(__ramfunc_size <= 0x80)?0x7:(__ramfunc_size <= 0x100)?0x8:(__ramfunc_size <= 0x200)?0x9:(__ramfunc_size <= 0x400)?0xa:(__ramfunc_size <= 0x800)?0xb:(__ramfunc_size <= 0x1000)?0xc:(__ramfunc_size <= 0x2000)?0xd:(__ramfunc_size <= 0x4000)?0xe:(__ramfunc_size <= 0x8000)?0xf:(__ramfunc_size <= 0x10000)?0x10:(__ramfunc_size <= 0x20000)?0x11:(__ramfunc_size <= 0x40000)?0x12:(__ramfunc_size <= 0x80000)?0x13:(__ramfunc_size <= 0x100000)?0x14:(__ramfunc_size <= 0x200000)?0x15:(__ramfunc_size <= 0x400000)?0x16:(__ramfunc_size <= 0x800000)?0x17:(__ramfunc_size <= 0x1000000)?0x18:(__ramfunc_size <= 0x2000000)?0x19:(__ramfunc_size <= 0x4000000)?0x1a:(__ramfunc_size <= 0x8000000)?0x1b:(__ramfunc_size <= 0x10000000)?0x1c:(__ramfunc_size <= 0x20000000)?0x1d:(__ramfunc_size <= 0x40000000)?0x1e:(__ramfunc_size <= 0x80000000)?0x1f:0x20))
                0x0000000020000000                __ramfunc_end = .
                0x0000000000000000                __ramfunc_size = (__ramfunc_end - __ramfunc_start)
                0x00000000000062d0                __ramfunc_load_start = LOADADDR (.ramfunc)

datas           0x0000000020000000      0x174 load address 0x00000000000062d0
                0x0000000020000000                __data_region_start = .
                0x0000000020000000                __data_start = .
 *(SORT_BY_ALIGNMENT(.data))
 *(SORT_BY_ALIGNMENT(.data.*))
 .data._char_out
                0x0000000020000000        0x4 zephyr/libzephyr.a(printk.c.obj)
                0x0000000020000000                _char_out
 .data.max_latency_ticks
                0x0000000020000004        0x4 zephyr/libzephyr.a(policy.c.obj)
 .data.asym_mutex
                0x0000000020000008        0x8 zephyr/libzephyr.a(nrf_cc3xx_platform_mutex_zephyr.c.obj)
 .data.power_mutex
                0x0000000020000010        0x8 zephyr/libzephyr.a(nrf_cc3xx_platform_mutex_zephyr.c.obj)
 .data.rng_mutex
                0x0000000020000018        0x8 zephyr/libzephyr.a(nrf_cc3xx_platform_mutex_zephyr.c.obj)
 .data.sym_mutex
                0x0000000020000020        0x8 zephyr/libzephyr.a(nrf_cc3xx_platform_mutex_zephyr.c.obj)
 .data._stdout_hook
                0x0000000020000028        0x4 zephyr/lib/libc/minimal/liblib__libc__minimal.a(stdout_console.c.obj)
 .data.debug_hook_out
                0x000000002000002c        0x4 zephyr/drivers/console/libdrivers__console.a(uart_console.c.obj)
 .data.uarte0_int_driven
                0x0000000020000030       0x14 zephyr/drivers/serial/libdrivers__serial.a(uart_nrfx_uarte.c.obj)
 .data.uarte1_int_driven
                0x0000000020000044       0x14 zephyr/drivers/serial/libdrivers__serial.a(uart_nrfx_uarte.c.obj)
 .data.uarte_0_data
                0x0000000020000058       0x18 zephyr/drivers/serial/libdrivers__serial.a(uart_nrfx_uarte.c.obj)
 .data.uarte_1_data
                0x0000000020000070       0x18 zephyr/drivers/serial/libdrivers__serial.a(uart_nrfx_uarte.c.obj)
 .data.SystemCoreClock
                0x0000000020000088        0x4 modules/hal_nordic/nrfx/libmodules__hal_nordic__nrfx.a(system_nrf52840.c.obj)
                0x0000000020000088                SystemCoreClock
 .data.m_cb     0x000000002000008c       0x7c modules/hal_nordic/nrfx/libmodules__hal_nordic__nrfx.a(nrfx_gpiote.c.obj)
 .data.m_channels_allocated
                0x0000000020000108        0x4 modules/hal_nordic/nrfx/libmodules__hal_nordic__nrfx.a(nrfx_ppi.c.obj)
 .data.timeout_list
                0x000000002000010c        0x8 zephyr/kernel/libkernel.a(timeout.c.obj)
 .data.platform_abort_apis
                0x0000000020000114        0x8 /home/rt/ncs/nrfxlib/crypto/nrf_cc310_platform/lib/cortex-m4/soft-float/no-interrupts/libnrf_cc310_platform_0.9.14.a(nrf_cc3xx_platform_abort.c.obj)
                0x0000000020000114                platform_abort_apis
 .data.asym_mutex
                0x000000002000011c        0x8 /home/rt/ncs/nrfxlib/crypto/nrf_cc310_platform/lib/cortex-m4/soft-float/no-interrupts/libnrf_cc310_platform_0.9.14.a(nrf_cc3xx_platform_mutex.c.obj)
 .data.platform_mutex_apis
                0x0000000020000124       0x10 /home/rt/ncs/nrfxlib/crypto/nrf_cc310_platform/lib/cortex-m4/soft-float/no-interrupts/libnrf_cc310_platform_0.9.14.a(nrf_cc3xx_platform_mutex.c.obj)
                0x0000000020000124                platform_mutex_apis
 .data.platform_mutexes
                0x0000000020000134       0x14 /home/rt/ncs/nrfxlib/crypto/nrf_cc310_platform/lib/cortex-m4/soft-float/no-interrupts/libnrf_cc310_platform_0.9.14.a(nrf_cc3xx_platform_mutex.c.obj)
                0x0000000020000134                platform_mutexes
 .data.power_mutex
                0x0000000020000148        0x8 /home/rt/ncs/nrfxlib/crypto/nrf_cc310_platform/lib/cortex-m4/soft-float/no-interrupts/libnrf_cc310_platform_0.9.14.a(nrf_cc3xx_platform_mutex.c.obj)
 .data.rng_mutex
                0x0000000020000150        0x8 /home/rt/ncs/nrfxlib/crypto/nrf_cc310_platform/lib/cortex-m4/soft-float/no-interrupts/libnrf_cc310_platform_0.9.14.a(nrf_cc3xx_platform_mutex.c.obj)
 .data.sym_mutex
                0x0000000020000158        0x8 /home/rt/ncs/nrfxlib/crypto/nrf_cc310_platform/lib/cortex-m4/soft-float/no-interrupts/libnrf_cc310_platform_0.9.14.a(nrf_cc3xx_platform_mutex.c.obj)
 .data.CCAsymCryptoMutex
                0x0000000020000160        0x4 /home/rt/ncs/nrfxlib/crypto/nrf_cc310_platform/lib/cortex-m4/soft-float/no-interrupts/libnrf_cc310_platform_0.9.14.a(cc_pal.c.obj)
                0x0000000020000160                CCAsymCryptoMutex
 .data.CCPowerMutex
                0x0000000020000164        0x4 /home/rt/ncs/nrfxlib/crypto/nrf_cc310_platform/lib/cortex-m4/soft-float/no-interrupts/libnrf_cc310_platform_0.9.14.a(cc_pal.c.obj)
                0x0000000020000164                CCPowerMutex
 .data.CCRndCryptoMutex
                0x0000000020000168        0x4 /home/rt/ncs/nrfxlib/crypto/nrf_cc310_platform/lib/cortex-m4/soft-float/no-interrupts/libnrf_cc310_platform_0.9.14.a(cc_pal.c.obj)
                0x0000000020000168                CCRndCryptoMutex
 .data.CCSymCryptoMutex
                0x000000002000016c        0x4 /home/rt/ncs/nrfxlib/crypto/nrf_cc310_platform/lib/cortex-m4/soft-float/no-interrupts/libnrf_cc310_platform_0.9.14.a(cc_pal.c.obj)
                0x000000002000016c                CCSymCryptoMutex
 .data.pCCRndCryptoMutex
                0x0000000020000170        0x4 /home/rt/ncs/nrfxlib/crypto/nrf_cc310_platform/lib/cortex-m4/soft-float/no-interrupts/libnrf_cc310_platform_0.9.14.a(cc_pal.c.obj)
                0x0000000020000170                pCCRndCryptoMutex
 *(SORT_BY_ALIGNMENT(.kernel.*))
                0x0000000020000174                __data_end = .
                0x0000000000000174                __data_size = (__data_end - __data_start)
                0x00000000000062d0                __data_load_start = LOADADDR (datas)
                0x00000000000062d0                __data_region_load_start = LOADADDR (datas)

device_states   0x0000000020000174       0x14 load address 0x0000000000006444
                0x0000000020000174                __device_states_start = .
 *(SORT_BY_ALIGNMENT(.z_devstate))
 .z_devstate    0x0000000020000174        0x4 zephyr/drivers/clock_control/libdrivers__clock_control.a(clock_control_nrf.c.obj)
 .z_devstate    0x0000000020000178        0x8 zephyr/drivers/gpio/libdrivers__gpio.a(gpio_nrfx.c.obj)
 .z_devstate    0x0000000020000180        0x8 zephyr/drivers/serial/libdrivers__serial.a(uart_nrfx_uarte.c.obj)
 *(SORT_BY_ALIGNMENT(.z_devstate.*))
                0x0000000020000188                __device_states_end = .

initshell       0x0000000020000188        0x0 load address 0x0000000000006458
                0x0000000020000188                __shell_module_start = .
 *(SORT_BY_ALIGNMENT(.shell_module_*))
                0x0000000020000188                __shell_module_end = .
                0x0000000020000188                __shell_cmd_start = .
 *(SORT_BY_ALIGNMENT(.shell_cmd_*))
                0x0000000020000188                __shell_cmd_end = .

log_dynamic_sections
                0x0000000020000188        0x0 load address 0x0000000000006458
                0x0000000020000188                __log_dynamic_start = .
 *(SORT_BY_NAME(SORT_BY_ALIGNMENT(.log_dynamic_*)))
                0x0000000020000188                __log_dynamic_end = .

_static_thread_data_area
                0x0000000020000188        0x0 load address 0x0000000000006458
                0x0000000020000188                __static_thread_data_list_start = .
 *(SORT_BY_NAME(SORT_BY_ALIGNMENT(.__static_thread_data.static.*)))
                0x0000000020000188                __static_thread_data_list_end = .

k_timer_area    0x0000000020000188        0x0 load address 0x0000000000006458
                0x0000000020000188                _k_timer_list_start = .
 *(SORT_BY_NAME(SORT_BY_ALIGNMENT(._k_timer.static.*)))
                0x0000000020000188                _k_timer_list_end = .

k_mem_slab_area
                0x0000000020000188        0x0 load address 0x0000000000006458
                0x0000000020000188                _k_mem_slab_list_start = .
 *(SORT_BY_NAME(SORT_BY_ALIGNMENT(._k_mem_slab.static.*)))
                0x0000000020000188                _k_mem_slab_list_end = .

k_mem_pool_area
                0x0000000020000188        0x0 load address 0x0000000000006458
                0x0000000020000188                _k_mem_pool_list_start = .
 *(SORT_BY_NAME(SORT_BY_ALIGNMENT(._k_mem_pool.static.*)))
                0x0000000020000188                _k_mem_pool_list_end = .

k_heap_area     0x0000000020000188       0x14 load address 0x0000000000006458
                0x0000000020000188                _k_heap_list_start = .
 *(SORT_BY_NAME(SORT_BY_ALIGNMENT(._k_heap.static.*)))
 ._k_heap.static._system_heap
                0x0000000020000188       0x14 zephyr/kernel/libkernel.a(mempool.c.obj)
                0x0000000020000188                _system_heap
                0x000000002000019c                _k_heap_list_end = .

k_mutex_area    0x000000002000019c       0x50 load address 0x000000000000646c
                0x000000002000019c                _k_mutex_list_start = .
 *(SORT_BY_NAME(SORT_BY_ALIGNMENT(._k_mutex.static.*)))
 ._k_mutex.static.asym_mutex_int
                0x000000002000019c       0x14 zephyr/libzephyr.a(nrf_cc3xx_platform_mutex_zephyr.c.obj)
                0x000000002000019c                asym_mutex_int
 ._k_mutex.static.power_mutex_int
                0x00000000200001b0       0x14 zephyr/libzephyr.a(nrf_cc3xx_platform_mutex_zephyr.c.obj)
                0x00000000200001b0                power_mutex_int
 ._k_mutex.static.rng_mutex_int
                0x00000000200001c4       0x14 zephyr/libzephyr.a(nrf_cc3xx_platform_mutex_zephyr.c.obj)
                0x00000000200001c4                rng_mutex_int
 ._k_mutex.static.sym_mutex_int
                0x00000000200001d8       0x14 zephyr/libzephyr.a(nrf_cc3xx_platform_mutex_zephyr.c.obj)
                0x00000000200001d8                sym_mutex_int
                0x00000000200001ec                _k_mutex_list_end = .

k_stack_area    0x00000000200001ec        0x0 load address 0x00000000000064bc
                0x00000000200001ec                _k_stack_list_start = .
 *(SORT_BY_NAME(SORT_BY_ALIGNMENT(._k_stack.static.*)))
                0x00000000200001ec                _k_stack_list_end = .

k_msgq_area     0x00000000200001ec        0x0 load address 0x00000000000064bc
                0x00000000200001ec                _k_msgq_list_start = .
 *(SORT_BY_NAME(SORT_BY_ALIGNMENT(._k_msgq.static.*)))
                0x00000000200001ec                _k_msgq_list_end = .

k_mbox_area     0x00000000200001ec        0x0 load address 0x00000000000064bc
                0x00000000200001ec                _k_mbox_list_start = .
 *(SORT_BY_NAME(SORT_BY_ALIGNMENT(._k_mbox.static.*)))
                0x00000000200001ec                _k_mbox_list_end = .

k_pipe_area     0x00000000200001ec        0x0 load address 0x00000000000064bc
                0x00000000200001ec                _k_pipe_list_start = .
 *(SORT_BY_NAME(SORT_BY_ALIGNMENT(._k_pipe.static.*)))
                0x00000000200001ec                _k_pipe_list_end = .

k_sem_area      0x00000000200001ec        0x0 load address 0x00000000000064bc
                0x00000000200001ec                _k_sem_list_start = .
 *(SORT_BY_NAME(SORT_BY_ALIGNMENT(._k_sem.static.*)))
                0x00000000200001ec                _k_sem_list_end = .

k_event_area    0x00000000200001ec        0x0 load address 0x00000000000064bc
                0x00000000200001ec                _k_event_list_start = .
 *(SORT_BY_NAME(SORT_BY_ALIGNMENT(._k_event.static.*)))
                0x00000000200001ec                _k_event_list_end = .

k_queue_area    0x00000000200001ec        0x0 load address 0x00000000000064bc
                0x00000000200001ec                _k_queue_list_start = .
 *(SORT_BY_NAME(SORT_BY_ALIGNMENT(._k_queue.static.*)))
                0x00000000200001ec                _k_queue_list_end = .

k_condvar_area  0x00000000200001ec        0x0 load address 0x00000000000064bc
                0x00000000200001ec                _k_condvar_list_start = .
 *(SORT_BY_NAME(SORT_BY_ALIGNMENT(._k_condvar.static.*)))
                0x00000000200001ec                _k_condvar_list_end = .

_net_buf_pool_area
                0x00000000200001ec        0x0 load address 0x00000000000064bc
                0x00000000200001ec                _net_buf_pool_list = .
 *(SORT_BY_NAME(SORT_BY_ALIGNMENT(._net_buf_pool.static.*)))
                0x00000000200001ec                __data_region_end = .

bss             0x00000000200001f0     0x10ba
                0x00000000200001f0                . = ALIGN (0x4)
                0x00000000200001f0                __bss_start = .
                0x00000000200001f0                __kernel_ram_start = .
 *(SORT_BY_ALIGNMENT(.bss))
 *(SORT_BY_ALIGNMENT(.bss.*))
 .bss.anchor    0x00000000200001f0        0x8 zephyr/drivers/timer/libdrivers__timer.a(nrf_rtc_timer.c.obj)
 .bss.cc_data   0x00000000200001f8       0x10 zephyr/drivers/timer/libdrivers__timer.a(nrf_rtc_timer.c.obj)
 .bss.last_count
                0x0000000020000208        0x8 zephyr/drivers/timer/libdrivers__timer.a(nrf_rtc_timer.c.obj)
 .bss.z_idle_threads
                0x0000000020000210       0x80 zephyr/kernel/libkernel.a(init.c.obj)
                0x0000000020000210                z_idle_threads
 .bss.z_main_thread
                0x0000000020000290       0x80 zephyr/kernel/libkernel.a(init.c.obj)
                0x0000000020000290                z_main_thread
 .bss.curr_tick
                0x0000000020000310        0x8 zephyr/kernel/libkernel.a(timeout.c.obj)
 .bss.button_cb_data
                0x0000000020000318        0xc app/libapp.a(button.c.obj)
 .bss.console_serial